Archive member included to satisfy reference by file (symbol)

/usr/lib/gcc/arm-none-eabi/12.2.0/thumb/v7e-m/nofp/libgcc.a(_aeabi_uldivmod.o)
                              CMakeFiles/CAN_STM.elf.dir/Drivers/STM32L4xx_HAL_Driver/Src/stm32l4xx_hal_uart.c.obj (__aeabi_uldivmod)
/usr/lib/gcc/arm-none-eabi/12.2.0/thumb/v7e-m/nofp/libgcc.a(_udivmoddi4.o)
                              /usr/lib/gcc/arm-none-eabi/12.2.0/thumb/v7e-m/nofp/libgcc.a(_aeabi_uldivmod.o) (__udivmoddi4)
/usr/lib/gcc/arm-none-eabi/12.2.0/thumb/v7e-m/nofp/libgcc.a(_dvmd_tls.o)
                              /usr/lib/gcc/arm-none-eabi/12.2.0/thumb/v7e-m/nofp/libgcc.a(_aeabi_uldivmod.o) (__aeabi_ldiv0)
/usr/lib/gcc/arm-none-eabi/12.2.0/../../../../arm-none-eabi/lib/thumb/v7e-m/nofp/libg.a(lib_a-atexit.o)
                              /usr/lib/gcc/arm-none-eabi/12.2.0/../../../../arm-none-eabi/lib/thumb/v7e-m/nofp/crt0.o (atexit)
/usr/lib/gcc/arm-none-eabi/12.2.0/../../../../arm-none-eabi/lib/thumb/v7e-m/nofp/libg.a(lib_a-errno.o)
                              CMakeFiles/CAN_STM.elf.dir/Core/Src/syscalls.c.obj (__errno)
/usr/lib/gcc/arm-none-eabi/12.2.0/../../../../arm-none-eabi/lib/thumb/v7e-m/nofp/libg.a(lib_a-exit.o)
                              /usr/lib/gcc/arm-none-eabi/12.2.0/../../../../arm-none-eabi/lib/thumb/v7e-m/nofp/crt0.o (exit)
/usr/lib/gcc/arm-none-eabi/12.2.0/../../../../arm-none-eabi/lib/thumb/v7e-m/nofp/libg.a(lib_a-fini.o)
                              /usr/lib/gcc/arm-none-eabi/12.2.0/../../../../arm-none-eabi/lib/thumb/v7e-m/nofp/crt0.o (__libc_fini_array)
/usr/lib/gcc/arm-none-eabi/12.2.0/../../../../arm-none-eabi/lib/thumb/v7e-m/nofp/libg.a(lib_a-impure.o)
                              /usr/lib/gcc/arm-none-eabi/12.2.0/../../../../arm-none-eabi/lib/thumb/v7e-m/nofp/libg.a(lib_a-exit.o) (_global_impure_ptr)
/usr/lib/gcc/arm-none-eabi/12.2.0/../../../../arm-none-eabi/lib/thumb/v7e-m/nofp/libg.a(lib_a-init.o)
                              /usr/lib/gcc/arm-none-eabi/12.2.0/../../../../arm-none-eabi/lib/thumb/v7e-m/nofp/crt0.o (__libc_init_array)
/usr/lib/gcc/arm-none-eabi/12.2.0/../../../../arm-none-eabi/lib/thumb/v7e-m/nofp/libg.a(lib_a-memset.o)
                              /usr/lib/gcc/arm-none-eabi/12.2.0/../../../../arm-none-eabi/lib/thumb/v7e-m/nofp/crt0.o (memset)
/usr/lib/gcc/arm-none-eabi/12.2.0/../../../../arm-none-eabi/lib/thumb/v7e-m/nofp/libg.a(lib_a-printf.o)
                              CMakeFiles/CAN_STM.elf.dir/Core/Src/main.c.obj (printf)
/usr/lib/gcc/arm-none-eabi/12.2.0/../../../../arm-none-eabi/lib/thumb/v7e-m/nofp/libg.a(lib_a-puts.o)
                              CMakeFiles/CAN_STM.elf.dir/Core/Src/main.c.obj (puts)
/usr/lib/gcc/arm-none-eabi/12.2.0/../../../../arm-none-eabi/lib/thumb/v7e-m/nofp/libg.a(lib_a-strlen.o)
                              /usr/lib/gcc/arm-none-eabi/12.2.0/../../../../arm-none-eabi/lib/thumb/v7e-m/nofp/libg.a(lib_a-puts.o) (strlen)
/usr/lib/gcc/arm-none-eabi/12.2.0/../../../../arm-none-eabi/lib/thumb/v7e-m/nofp/libg.a(lib_a-vfprintf.o)
                              /usr/lib/gcc/arm-none-eabi/12.2.0/../../../../arm-none-eabi/lib/thumb/v7e-m/nofp/libg.a(lib_a-printf.o) (_vfprintf_r)
/usr/lib/gcc/arm-none-eabi/12.2.0/../../../../arm-none-eabi/lib/thumb/v7e-m/nofp/libg.a(lib_a-wsetup.o)
                              /usr/lib/gcc/arm-none-eabi/12.2.0/../../../../arm-none-eabi/lib/thumb/v7e-m/nofp/libg.a(lib_a-vfprintf.o) (__swsetup_r)
/usr/lib/gcc/arm-none-eabi/12.2.0/../../../../arm-none-eabi/lib/thumb/v7e-m/nofp/libg.a(lib_a-__atexit.o)
                              /usr/lib/gcc/arm-none-eabi/12.2.0/../../../../arm-none-eabi/lib/thumb/v7e-m/nofp/libg.a(lib_a-atexit.o) (__register_exitproc)
/usr/lib/gcc/arm-none-eabi/12.2.0/../../../../arm-none-eabi/lib/thumb/v7e-m/nofp/libg.a(lib_a-__call_atexit.o)
                              /usr/lib/gcc/arm-none-eabi/12.2.0/../../../../arm-none-eabi/lib/thumb/v7e-m/nofp/libg.a(lib_a-exit.o) (__call_exitprocs)
/usr/lib/gcc/arm-none-eabi/12.2.0/../../../../arm-none-eabi/lib/thumb/v7e-m/nofp/libg.a(lib_a-dtoa.o)
                              /usr/lib/gcc/arm-none-eabi/12.2.0/../../../../arm-none-eabi/lib/thumb/v7e-m/nofp/libg.a(lib_a-vfprintf.o) (_dtoa_r)
/usr/lib/gcc/arm-none-eabi/12.2.0/../../../../arm-none-eabi/lib/thumb/v7e-m/nofp/libg.a(lib_a-fflush.o)
                              /usr/lib/gcc/arm-none-eabi/12.2.0/../../../../arm-none-eabi/lib/thumb/v7e-m/nofp/libg.a(lib_a-vfprintf.o) (_fflush_r)
/usr/lib/gcc/arm-none-eabi/12.2.0/../../../../arm-none-eabi/lib/thumb/v7e-m/nofp/libg.a(lib_a-findfp.o)
                              /usr/lib/gcc/arm-none-eabi/12.2.0/../../../../arm-none-eabi/lib/thumb/v7e-m/nofp/libg.a(lib_a-puts.o) (__sinit)
/usr/lib/gcc/arm-none-eabi/12.2.0/../../../../arm-none-eabi/lib/thumb/v7e-m/nofp/libg.a(lib_a-freer.o)
                              /usr/lib/gcc/arm-none-eabi/12.2.0/../../../../arm-none-eabi/lib/thumb/v7e-m/nofp/libg.a(lib_a-vfprintf.o) (_free_r)
[...]
Memory Configuration

Name             Origin             Length             Attributes
RAM              0x0000000020000000 0x0000000000010000 xrw
RAM2             0x0000000010000000 0x0000000000004000 xrw
FLASH            0x0000000008000000 0x0000000000040000 xr
*default*        0x0000000000000000 0xffffffffffffffff

Linker script and memory map

LOAD /usr/lib/gcc/arm-none-eabi/12.2.0/thumb/v7e-m/nofp/crti.o
LOAD /usr/lib/gcc/arm-none-eabi/12.2.0/thumb/v7e-m/nofp/crtbegin.o
LOAD /usr/lib/gcc/arm-none-eabi/12.2.0/../../../../arm-none-eabi/lib/thumb/v7e-m/nofp/crt0.o
LOAD CMakeFiles/CAN_STM.elf.dir/Core/Src/main.c.obj
LOAD CMakeFiles/CAN_STM.elf.dir/Core/Src/mia.c.obj
LOAD CMakeFiles/CAN_STM.elf.dir/Core/Src/stm32l4xx_hal_msp.c.obj
LOAD CMakeFiles/CAN_STM.elf.dir/Core/Src/stm32l4xx_it.c.obj
LOAD CMakeFiles/CAN_STM.elf.dir/Core/Src/syscalls.c.obj
LOAD CMakeFiles/CAN_STM.elf.dir/Core/Src/sysmem.c.obj
LOAD CMakeFiles/CAN_STM.elf.dir/Core/Src/system_stm32l4xx.c.obj
LOAD CMakeFiles/CAN_STM.elf.dir/Core/Startup/startup_stm32l432kcux.s.obj
LOAD CMakeFiles/CAN_STM.elf.dir/Drivers/STM32L4xx_HAL_Driver/Src/stm32l4xx_hal.c.obj
LOAD CMakeFiles/CAN_STM.elf.dir/Drivers/STM32L4xx_HAL_Driver/Src/stm32l4xx_hal_adc.c.obj
LOAD CMakeFiles/CAN_STM.elf.dir/Drivers/STM32L4xx_HAL_Driver/Src/stm32l4xx_hal_adc_ex.c.obj
LOAD CMakeFiles/CAN_STM.elf.dir/Drivers/STM32L4xx_HAL_Driver/Src/stm32l4xx_hal_can.c.obj
LOAD CMakeFiles/CAN_STM.elf.dir/Drivers/STM32L4xx_HAL_Driver/Src/stm32l4xx_hal_cortex.c.obj
LOAD CMakeFiles/CAN_STM.elf.dir/Drivers/STM32L4xx_HAL_Driver/Src/stm32l4xx_hal_dma.c.obj
LOAD CMakeFiles/CAN_STM.elf.dir/Drivers/STM32L4xx_HAL_Driver/Src/stm32l4xx_hal_dma_ex.c.obj
LOAD CMakeFiles/CAN_STM.elf.dir/Drivers/STM32L4xx_HAL_Driver/Src/stm32l4xx_hal_exti.c.obj
LOAD CMakeFiles/CAN_STM.elf.dir/Drivers/STM32L4xx_HAL_Driver/Src/stm32l4xx_hal_flash.c.obj
LOAD CMakeFiles/CAN_STM.elf.dir/Drivers/STM32L4xx_HAL_Driver/Src/stm32l4xx_hal_flash_ex.c.obj
LOAD CMakeFiles/CAN_STM.elf.dir/Drivers/STM32L4xx_HAL_Driver/Src/stm32l4xx_hal_flash_ramfunc.c.obj
LOAD CMakeFiles/CAN_STM.elf.dir/Drivers/STM32L4xx_HAL_Driver/Src/stm32l4xx_hal_gpio.c.obj
LOAD CMakeFiles/CAN_STM.elf.dir/Drivers/STM32L4xx_HAL_Driver/Src/stm32l4xx_hal_i2c.c.obj
LOAD CMakeFiles/CAN_STM.elf.dir/Drivers/STM32L4xx_HAL_Driver/Src/stm32l4xx_hal_i2c_ex.c.obj
LOAD CMakeFiles/CAN_STM.elf.dir/Drivers/STM32L4xx_HAL_Driver/Src/stm32l4xx_hal_pwr.c.obj
LOAD CMakeFiles/CAN_STM.elf.dir/Drivers/STM32L4xx_HAL_Driver/Src/stm32l4xx_hal_pwr_ex.c.obj
LOAD CMakeFiles/CAN_STM.elf.dir/Drivers/STM32L4xx_HAL_Driver/Src/stm32l4xx_hal_rcc.c.obj
LOAD CMakeFiles/CAN_STM.elf.dir/Drivers/STM32L4xx_HAL_Driver/Src/stm32l4xx_hal_rcc_ex.c.obj
LOAD CMakeFiles/CAN_STM.elf.dir/Drivers/STM32L4xx_HAL_Driver/Src/stm32l4xx_hal_tim.c.obj
LOAD CMakeFiles/CAN_STM.elf.dir/Drivers/STM32L4xx_HAL_Driver/Src/stm32l4xx_hal_tim_ex.c.obj
LOAD CMakeFiles/CAN_STM.elf.dir/Drivers/STM32L4xx_HAL_Driver/Src/stm32l4xx_hal_uart.c.obj
LOAD CMakeFiles/CAN_STM.elf.dir/Drivers/STM32L4xx_HAL_Driver/Src/stm32l4xx_hal_uart_ex.c.obj
START GROUP
LOAD /usr/lib/gcc/arm-none-eabi/12.2.0/thumb/v7e-m/nofp/libgcc.a
LOAD /usr/lib/gcc/arm-none-eabi/12.2.0/../../../../arm-none-eabi/lib/thumb/v7e-m/nofp/libg.a
LOAD /usr/lib/gcc/arm-none-eabi/12.2.0/../../../../arm-none-eabi/lib/thumb/v7e-m/nofp/libc.a
END GROUP
LOAD /usr/lib/gcc/arm-none-eabi/12.2.0/thumb/v7e-m/nofp/crtend.o
LOAD /usr/lib/gcc/arm-none-eabi/12.2.0/thumb/v7e-m/nofp/crtn.o
                0x0000000020010000                _estack = (ORIGIN (RAM) + LENGTH (RAM))
                0x0000000000000200                _Min_Heap_Size = 0x200
                0x0000000000000400                _Min_Stack_Size = 0x400

.isr_vector     0x0000000008000000      0x18c
                0x0000000008000000                . = ALIGN (0x4)
 *(.isr_vector)
 .isr_vector    0x0000000008000000      0x18c CMakeFiles/CAN_STM.elf.dir/Core/Startup/startup_stm32l432kcux.s.obj
                0x0000000008000000                g_pfnVectors
                0x000000000800018c                . = ALIGN (0x4)

.text           0x00000000080001c0     0x9f0c
                0x00000000080001c0                . = ALIGN (0x4)
 *(.text)
 .text          0x00000000080001c0       0x30 /usr/lib/gcc/arm-none-eabi/12.2.0/thumb/v7e-m/nofp/libgcc.a(_aeabi_uldivmod.o)
                0x00000000080001c0                __aeabi_uldivmod
 .text          0x00000000080001f0        0x4 /usr/lib/gcc/arm-none-eabi/12.2.0/thumb/v7e-m/nofp/libgcc.a(_dvmd_tls.o)
                0x00000000080001f0                __aeabi_ldiv0
                0x00000000080001f0                __aeabi_idiv0
 *fill*         0x00000000080001f4        0xc 
 .text          0x0000000008000200       0xdc /usr/lib/gcc/arm-none-eabi/12.2.0/../../../../arm-none-eabi/lib/thumb/v7e-m/nofp/libg.a(lib_a-strlen.o)
                0x0000000008000200                strlen
 *fill*         0x00000000080002dc        0x4 
 .text          0x00000000080002e0       0xa0 /usr/lib/gcc/arm-none-eabi/12.2.0/../../../../arm-none-eabi/lib/thumb/v7e-m/nofp/libg.a(lib_a-memchr.o)
                0x00000000080002e0                memchr
 .text          0x0000000008000380      0x134 /usr/lib/gcc/arm-none-eabi/12.2.0/../../../../arm-none-eabi/lib/thumb/v7e-m/nofp/libg.a(lib_a-memcpy.o)
                0x0000000008000380                memcpy
 .text          0x00000000080004b4      0x378 /usr/lib/gcc/arm-none-eabi/12.2.0/thumb/v7e-m/nofp/libgcc.a(_arm_addsubdf3.o)
                0x00000000080004b4                __aeabi_drsub
                0x00000000080004bc                __aeabi_dsub
                0x00000000080004bc                __subdf3
                0x00000000080004c0                __adddf3
                0x00000000080004c0                __aeabi_dadd
                0x0000000008000738                __aeabi_ui2d
                0x0000000008000738                __floatunsidf
                0x0000000008000758                __floatsidf
                0x0000000008000758                __aeabi_i2d
                0x000000000800077c                __extendsfdf2
                0x000000000800077c                __aeabi_f2d
                0x00000000080007c0                __aeabi_ul2d
                0x00000000080007c0                __floatundidf
                0x00000000080007d0                __floatdidf
                0x00000000080007d0                __aeabi_l2d
 .text          0x000000000800082c      0x424 /usr/lib/gcc/arm-none-eabi/12.2.0/thumb/v7e-m/nofp/libgcc.a(_arm_muldivdf3.o)
                0x000000000800082c                __aeabi_dmul
                0x000000000800082c                __muldf3
                0x0000000008000a80                __aeabi_ddiv
                0x0000000008000a80                __divdf3
 .text          0x0000000008000c50      0x110 /usr/lib/gcc/arm-none-eabi/12.2.0/thumb/v7e-m/nofp/libgcc.a(_arm_cmpdf2.o)
                0x0000000008000c50                __gtdf2
                0x0000000008000c50                __gedf2
                0x0000000008000c58                __ltdf2
                0x0000000008000c58                __ledf2
                0x0000000008000c60                __cmpdf2
                0x0000000008000c60                __eqdf2
                0x0000000008000c60                __nedf2
                0x0000000008000cdc                __aeabi_cdrcmple
                0x0000000008000cec                __aeabi_cdcmple
                0x0000000008000cec                __aeabi_cdcmpeq
                0x0000000008000cfc                __aeabi_dcmpeq
                0x0000000008000d10                __aeabi_dcmplt
                0x0000000008000d24                __aeabi_dcmple
                0x0000000008000d38                __aeabi_dcmpge
                0x0000000008000d4c                __aeabi_dcmpgt
 .text          0x0000000008000d60       0x2c /usr/lib/gcc/arm-none-eabi/12.2.0/thumb/v7e-m/nofp/libgcc.a(_arm_unorddf2.o)
                0x0000000008000d60                __aeabi_dcmpun
                0x0000000008000d60                __unorddf2
 .text          0x0000000008000d8c       0x50 /usr/lib/gcc/arm-none-eabi/12.2.0/thumb/v7e-m/nofp/libgcc.a(_arm_fixdfsi.o)
                0x0000000008000d8c                __fixdfsi
                0x0000000008000d8c                __aeabi_d2iz
 *(.text*)
 .text.__do_global_dtors_aux
                0x0000000008000ddc       0x24 /usr/lib/gcc/arm-none-eabi/12.2.0/thumb/v7e-m/nofp/crtbegin.o
 .text.frame_dummy
                0x0000000008000e00       0x1c /usr/lib/gcc/arm-none-eabi/12.2.0/thumb/v7e-m/nofp/crtbegin.o
 .text.can_send_egv_cmd_var
                0x0000000008000e1c       0x30 CMakeFiles/CAN_STM.elf.dir/Core/Src/main.c.obj
                0x0000000008000e1c                can_send_egv_cmd_var
 .text.MX_GPIO_Init
                0x0000000008000e4c       0x74 CMakeFiles/CAN_STM.elf.dir/Core/Src/main.c.obj
 .text.can_send_egv_sync_all
                0x0000000008000ec0       0x30 CMakeFiles/CAN_STM.elf.dir/Core/Src/main.c.obj
                0x0000000008000ec0                can_send_egv_sync_all
 .text.can_send_egv_accel_var
                0x0000000008000ef0       0x30 CMakeFiles/CAN_STM.elf.dir/Core/Src/main.c.obj
                0x0000000008000ef0                can_send_egv_accel_var
 .text.get_throttle
                0x0000000008000f20       0x14 CMakeFiles/CAN_STM.elf.dir/Core/Src/main.c.obj
                0x0000000008000f20                get_throttle
 .text.update_accel_pedal
                0x0000000008000f34       0x44 CMakeFiles/CAN_STM.elf.dir/Core/Src/main.c.obj
                0x0000000008000f34                update_accel_pedal
 .text.HAL_TIM_PeriodElapsedCallback
                0x0000000008000f78       0x2c CMakeFiles/CAN_STM.elf.dir/Core/Src/main.c.obj
                0x0000000008000f78                HAL_TIM_PeriodElapsedCallback
 .text.__io_putchar
                0x0000000008000fa4       0x3c CMakeFiles/CAN_STM.elf.dir/Core/Src/main.c.obj
                0x0000000008000fa4                __io_putchar
 .text.Error_Handler
                0x0000000008000fe0        0x4 CMakeFiles/CAN_STM.elf.dir/Core/Src/main.c.obj
                0x0000000008000fe0                Error_Handler
 .text.MX_USART2_UART_Init
                0x0000000008000fe4       0x38 CMakeFiles/CAN_STM.elf.dir/Core/Src/main.c.obj
 .text.MX_CAN1_Init
                0x000000000800101c       0x40 CMakeFiles/CAN_STM.elf.dir/Core/Src/main.c.obj
 .text.MX_ADC1_Init
                0x000000000800105c       0x80 CMakeFiles/CAN_STM.elf.dir/Core/Src/main.c.obj
 .text.MX_TIM6_Init
                0x00000000080010dc       0x50 CMakeFiles/CAN_STM.elf.dir/Core/Src/main.c.obj
 .text.SystemClock_Config
                0x000000000800112c       0x7c CMakeFiles/CAN_STM.elf.dir/Core/Src/main.c.obj
                0x000000000800112c                SystemClock_Config
 .text.main     0x00000000080011a8       0xf4 CMakeFiles/CAN_STM.elf.dir/Core/Src/main.c.obj
                0x00000000080011a8                main
 .text.HAL_MspInit
                0x000000000800129c       0x30 CMakeFiles/CAN_STM.elf.dir/Core/Src/stm32l4xx_hal_msp.c.obj
                0x000000000800129c                HAL_MspInit
 .text.HAL_ADC_MspInit
                0x00000000080012cc       0xa0 CMakeFiles/CAN_STM.elf.dir/Core/Src/stm32l4xx_hal_msp.c.obj
                0x00000000080012cc                HAL_ADC_MspInit
 .text.HAL_CAN_MspInit
                0x000000000800136c       0x88 CMakeFiles/CAN_STM.elf.dir/Core/Src/stm32l4xx_hal_msp.c.obj
                0x000000000800136c                HAL_CAN_MspInit
 .text.HAL_TIM_Base_MspInit
                0x00000000080013f4       0x40 CMakeFiles/CAN_STM.elf.dir/Core/Src/stm32l4xx_hal_msp.c.obj
                0x00000000080013f4                HAL_TIM_Base_MspInit
 .text.HAL_UART_MspInit
                0x0000000008001434       0xa0 CMakeFiles/CAN_STM.elf.dir/Core/Src/stm32l4xx_hal_msp.c.obj
                0x0000000008001434                HAL_UART_MspInit
 .text.NMI_Handler
                0x00000000080014d4        0x2 CMakeFiles/CAN_STM.elf.dir/Core/Src/stm32l4xx_it.c.obj
                0x00000000080014d4                NMI_Handler
 .text.HardFault_Handler
                0x00000000080014d6        0x2 CMakeFiles/CAN_STM.elf.dir/Core/Src/stm32l4xx_it.c.obj
                0x00000000080014d6                HardFault_Handler
 .text.MemManage_Handler
                0x00000000080014d8        0x2 CMakeFiles/CAN_STM.elf.dir/Core/Src/stm32l4xx_it.c.obj
                0x00000000080014d8                MemManage_Handler
 .text.BusFault_Handler
                0x00000000080014da        0x2 CMakeFiles/CAN_STM.elf.dir/Core/Src/stm32l4xx_it.c.obj
                0x00000000080014da                BusFault_Handler
 .text.UsageFault_Handler
                0x00000000080014dc        0x2 CMakeFiles/CAN_STM.elf.dir/Core/Src/stm32l4xx_it.c.obj
                0x00000000080014dc                UsageFault_Handler
 .text.SVC_Handler
                0x00000000080014de        0x2 CMakeFiles/CAN_STM.elf.dir/Core/Src/stm32l4xx_it.c.obj
                0x00000000080014de                SVC_Handler
 .text.DebugMon_Handler
                0x00000000080014e0        0x2 CMakeFiles/CAN_STM.elf.dir/Core/Src/stm32l4xx_it.c.obj
                0x00000000080014e0                DebugMon_Handler
 .text.PendSV_Handler
                0x00000000080014e2        0x2 CMakeFiles/CAN_STM.elf.dir/Core/Src/stm32l4xx_it.c.obj
                0x00000000080014e2                PendSV_Handler
 .text.SysTick_Handler
                0x00000000080014e4        0x8 CMakeFiles/CAN_STM.elf.dir/Core/Src/stm32l4xx_it.c.obj
                0x00000000080014e4                SysTick_Handler
 .text.CAN1_RX0_IRQHandler
                0x00000000080014ec       0x24 CMakeFiles/CAN_STM.elf.dir/Core/Src/stm32l4xx_it.c.obj
                0x00000000080014ec                CAN1_RX0_IRQHandler
 .text.CAN1_RX1_IRQHandler
                0x0000000008001510       0x1c CMakeFiles/CAN_STM.elf.dir/Core/Src/stm32l4xx_it.c.obj
                0x0000000008001510                CAN1_RX1_IRQHandler
 .text.TIM6_DAC_IRQHandler
                0x000000000800152c       0x10 CMakeFiles/CAN_STM.elf.dir/Core/Src/stm32l4xx_it.c.obj
                0x000000000800152c                TIM6_DAC_IRQHandler
 .text._getpid  0x000000000800153c        0x4 CMakeFiles/CAN_STM.elf.dir/Core/Src/syscalls.c.obj
                0x000000000800153c                _getpid
 .text._kill    0x0000000008001540       0x10 CMakeFiles/CAN_STM.elf.dir/Core/Src/syscalls.c.obj
                0x0000000008001540                _kill
 .text._exit    0x0000000008001550        0xc CMakeFiles/CAN_STM.elf.dir/Core/Src/syscalls.c.obj
                0x0000000008001550                _exit
 .text._read    0x000000000800155c       0x20 CMakeFiles/CAN_STM.elf.dir/Core/Src/syscalls.c.obj
                0x000000000800155c                _read
 .text._write   0x000000000800157c       0x1c CMakeFiles/CAN_STM.elf.dir/Core/Src/syscalls.c.obj
                0x000000000800157c                _write
 .text._close   0x0000000008001598        0x6 CMakeFiles/CAN_STM.elf.dir/Core/Src/syscalls.c.obj
                0x0000000008001598                _close
 .text._fstat   0x000000000800159e        0xa CMakeFiles/CAN_STM.elf.dir/Core/Src/syscalls.c.obj
                0x000000000800159e                _fstat
 .text._isatty  0x00000000080015a8        0x4 CMakeFiles/CAN_STM.elf.dir/Core/Src/syscalls.c.obj
                0x00000000080015a8                _isatty
 .text._lseek   0x00000000080015ac        0x4 CMakeFiles/CAN_STM.elf.dir/Core/Src/syscalls.c.obj
                0x00000000080015ac                _lseek
 .text._sbrk    0x00000000080015b0       0x48 CMakeFiles/CAN_STM.elf.dir/Core/Src/sysmem.c.obj
                0x00000000080015b0                _sbrk
 .text.SystemInit
                0x00000000080015f8        0x2 CMakeFiles/CAN_STM.elf.dir/Core/Src/system_stm32l4xx.c.obj
                0x00000000080015f8                SystemInit
 *fill*         0x00000000080015fa        0x2 
 .text.Reset_Handler
                0x00000000080015fc       0x50 CMakeFiles/CAN_STM.elf.dir/Core/Startup/startup_stm32l432kcux.s.obj
                0x00000000080015fc                Reset_Handler
 .text.Default_Handler
                0x000000000800164c        0x2 CMakeFiles/CAN_STM.elf.dir/Core/Startup/startup_stm32l432kcux.s.obj
                0x000000000800164c                RTC_Alarm_IRQHandler
                0x000000000800164c                EXTI2_IRQHandler
                0x000000000800164c                TIM1_CC_IRQHandler
                0x000000000800164c                TSC_IRQHandler
                0x000000000800164c                TAMP_STAMP_IRQHandler
                0x000000000800164c                EXTI3_IRQHandler
                0x000000000800164c                LPTIM2_IRQHandler
                0x000000000800164c                I2C3_ER_IRQHandler
                0x000000000800164c                EXTI0_IRQHandler
                0x000000000800164c                FPU_IRQHandler
                0x000000000800164c                TIM1_UP_TIM16_IRQHandler
                0x000000000800164c                SPI1_IRQHandler
                0x000000000800164c                DMA2_Channel2_IRQHandler
                0x000000000800164c                DMA1_Channel4_IRQHandler
                0x000000000800164c                ADC1_IRQHandler
                0x000000000800164c                DMA1_Channel7_IRQHandler
                0x000000000800164c                DMA2_Channel1_IRQHandler
                0x000000000800164c                QUADSPI_IRQHandler
                0x000000000800164c                I2C1_EV_IRQHandler
                0x000000000800164c                DMA1_Channel6_IRQHandler
                0x000000000800164c                DMA2_Channel4_IRQHandler
                0x000000000800164c                RCC_IRQHandler
                0x000000000800164c                TIM1_TRG_COM_IRQHandler
                0x000000000800164c                DMA1_Channel1_IRQHandler
                0x000000000800164c                Default_Handler
                0x000000000800164c                DMA2_Channel7_IRQHandler
                0x000000000800164c                EXTI15_10_IRQHandler
                0x000000000800164c                TIM7_IRQHandler
                0x000000000800164c                I2C3_EV_IRQHandler
                0x000000000800164c                USB_IRQHandler
                0x000000000800164c                EXTI9_5_IRQHandler
                0x000000000800164c                RTC_WKUP_IRQHandler
                0x000000000800164c                PVD_PVM_IRQHandler
                0x000000000800164c                CAN1_TX_IRQHandler
                0x000000000800164c                DMA2_Channel5_IRQHandler
                0x000000000800164c                CRS_IRQHandler
                0x000000000800164c                DMA1_Channel5_IRQHandler
                0x000000000800164c                EXTI4_IRQHandler
                0x000000000800164c                RNG_IRQHandler
                0x000000000800164c                DMA1_Channel3_IRQHandler
                0x000000000800164c                COMP_IRQHandler
                0x000000000800164c                WWDG_IRQHandler
                0x000000000800164c                LPUART1_IRQHandler
                0x000000000800164c                DMA2_Channel6_IRQHandler
                0x000000000800164c                TIM2_IRQHandler
                0x000000000800164c                EXTI1_IRQHandler
                0x000000000800164c                USART2_IRQHandler
                0x000000000800164c                DMA1_Channel2_IRQHandler
                0x000000000800164c                CAN1_SCE_IRQHandler
                0x000000000800164c                FLASH_IRQHandler
                0x000000000800164c                USART1_IRQHandler
                0x000000000800164c                SPI3_IRQHandler
                0x000000000800164c                I2C1_ER_IRQHandler
                0x000000000800164c                SWPMI1_IRQHandler
                0x000000000800164c                LPTIM1_IRQHandler
                0x000000000800164c                SAI1_IRQHandler
                0x000000000800164c                DMA2_Channel3_IRQHandler
                0x000000000800164c                TIM1_BRK_TIM15_IRQHandler
 *fill*         0x000000000800164e        0x2 
 .text.HAL_InitTick
                0x0000000008001650       0x50 CMakeFiles/CAN_STM.elf.dir/Drivers/STM32L4xx_HAL_Driver/Src/stm32l4xx_hal.c.obj
                0x0000000008001650                HAL_InitTick
 .text.HAL_Init
                0x00000000080016a0       0x1e CMakeFiles/CAN_STM.elf.dir/Drivers/STM32L4xx_HAL_Driver/Src/stm32l4xx_hal.c.obj
                0x00000000080016a0                HAL_Init
 *fill*         0x00000000080016be        0x2 
 .text.HAL_IncTick
                0x00000000080016c0       0x18 CMakeFiles/CAN_STM.elf.dir/Drivers/STM32L4xx_HAL_Driver/Src/stm32l4xx_hal.c.obj
                0x00000000080016c0                HAL_IncTick
 .text.HAL_GetTick
                0x00000000080016d8        0xc CMakeFiles/CAN_STM.elf.dir/Drivers/STM32L4xx_HAL_Driver/Src/stm32l4xx_hal.c.obj
                0x00000000080016d8                HAL_GetTick
 .text.HAL_Delay
                0x00000000080016e4       0x28 CMakeFiles/CAN_STM.elf.dir/Drivers/STM32L4xx_HAL_Driver/Src/stm32l4xx_hal.c.obj
                0x00000000080016e4                HAL_Delay
 .text.LL_ADC_REG_SetSequencerRanks
                0x000000000800170c       0x2e CMakeFiles/CAN_STM.elf.dir/Drivers/STM32L4xx_HAL_Driver/Src/stm32l4xx_hal_adc.c.obj
 .text.LL_ADC_SetChannelSamplingTime
                0x000000000800173a       0x2a CMakeFiles/CAN_STM.elf.dir/Drivers/STM32L4xx_HAL_Driver/Src/stm32l4xx_hal_adc.c.obj
 .text.HAL_ADC_Init
                0x0000000008001764      0x1dc CMakeFiles/CAN_STM.elf.dir/Drivers/STM32L4xx_HAL_Driver/Src/stm32l4xx_hal_adc.c.obj
                0x0000000008001764                HAL_ADC_Init
 .text.HAL_ADC_GetValue
                0x0000000008001940        0x6 CMakeFiles/CAN_STM.elf.dir/Drivers/STM32L4xx_HAL_Driver/Src/stm32l4xx_hal_adc.c.obj
                0x0000000008001940                HAL_ADC_GetValue
 *fill*         0x0000000008001946        0x2 
 .text.HAL_ADC_ConfigChannel
                0x0000000008001948      0x43c CMakeFiles/CAN_STM.elf.dir/Drivers/STM32L4xx_HAL_Driver/Src/stm32l4xx_hal_adc.c.obj
                0x0000000008001948                HAL_ADC_ConfigChannel
 .text.ADC_Enable
                0x0000000008001d84       0xdc CMakeFiles/CAN_STM.elf.dir/Drivers/STM32L4xx_HAL_Driver/Src/stm32l4xx_hal_adc.c.obj
                0x0000000008001d84                ADC_Enable
 .text.HAL_ADC_Start
                0x0000000008001e60       0x8c CMakeFiles/CAN_STM.elf.dir/Drivers/STM32L4xx_HAL_Driver/Src/stm32l4xx_hal_adc.c.obj
                0x0000000008001e60                HAL_ADC_Start
 .text.HAL_CAN_Init
                0x0000000008001eec      0x14c CMakeFiles/CAN_STM.elf.dir/Drivers/STM32L4xx_HAL_Driver/Src/stm32l4xx_hal_can.c.obj
                0x0000000008001eec                HAL_CAN_Init
 .text.HAL_CAN_ConfigFilter
                0x0000000008002038      0x10c CMakeFiles/CAN_STM.elf.dir/Drivers/STM32L4xx_HAL_Driver/Src/stm32l4xx_hal_can.c.obj
                0x0000000008002038                HAL_CAN_ConfigFilter
 .text.HAL_CAN_Start
                0x0000000008002144       0x5c CMakeFiles/CAN_STM.elf.dir/Drivers/STM32L4xx_HAL_Driver/Src/stm32l4xx_hal_can.c.obj
                0x0000000008002144                HAL_CAN_Start
 .text.HAL_CAN_AddTxMessage
                0x00000000080021a0       0xea CMakeFiles/CAN_STM.elf.dir/Drivers/STM32L4xx_HAL_Driver/Src/stm32l4xx_hal_can.c.obj
                0x00000000080021a0                HAL_CAN_AddTxMessage
 .text.HAL_CAN_GetRxFifoFillLevel
                0x000000000800228a       0x26 CMakeFiles/CAN_STM.elf.dir/Drivers/STM32L4xx_HAL_Driver/Src/stm32l4xx_hal_can.c.obj
                0x000000000800228a                HAL_CAN_GetRxFifoFillLevel
 .text.HAL_CAN_ActivateNotification
                0x00000000080022b0       0x24 CMakeFiles/CAN_STM.elf.dir/Drivers/STM32L4xx_HAL_Driver/Src/stm32l4xx_hal_can.c.obj
                0x00000000080022b0                HAL_CAN_ActivateNotification
 .text.HAL_CAN_TxMailbox0CompleteCallback
                0x00000000080022d4        0x2 CMakeFiles/CAN_STM.elf.dir/Drivers/STM32L4xx_HAL_Driver/Src/stm32l4xx_hal_can.c.obj
                0x00000000080022d4                HAL_CAN_TxMailbox0CompleteCallback
 .text.HAL_CAN_TxMailbox1CompleteCallback
                0x00000000080022d6        0x2 CMakeFiles/CAN_STM.elf.dir/Drivers/STM32L4xx_HAL_Driver/Src/stm32l4xx_hal_can.c.obj
                0x00000000080022d6                HAL_CAN_TxMailbox1CompleteCallback
 .text.HAL_CAN_TxMailbox2CompleteCallback
                0x00000000080022d8        0x2 CMakeFiles/CAN_STM.elf.dir/Drivers/STM32L4xx_HAL_Driver/Src/stm32l4xx_hal_can.c.obj
                0x00000000080022d8                HAL_CAN_TxMailbox2CompleteCallback
 .text.HAL_CAN_TxMailbox0AbortCallback
                0x00000000080022da        0x2 CMakeFiles/CAN_STM.elf.dir/Drivers/STM32L4xx_HAL_Driver/Src/stm32l4xx_hal_can.c.obj
                0x00000000080022da                HAL_CAN_TxMailbox0AbortCallback
 .text.HAL_CAN_TxMailbox1AbortCallback
                0x00000000080022dc        0x2 CMakeFiles/CAN_STM.elf.dir/Drivers/STM32L4xx_HAL_Driver/Src/stm32l4xx_hal_can.c.obj
                0x00000000080022dc                HAL_CAN_TxMailbox1AbortCallback
 .text.HAL_CAN_TxMailbox2AbortCallback
                0x00000000080022de        0x2 CMakeFiles/CAN_STM.elf.dir/Drivers/STM32L4xx_HAL_Driver/Src/stm32l4xx_hal_can.c.obj
                0x00000000080022de                HAL_CAN_TxMailbox2AbortCallback
 .text.HAL_CAN_RxFifo0MsgPendingCallback
                0x00000000080022e0        0x2 CMakeFiles/CAN_STM.elf.dir/Drivers/STM32L4xx_HAL_Driver/Src/stm32l4xx_hal_can.c.obj
                0x00000000080022e0                HAL_CAN_RxFifo0MsgPendingCallback
 .text.HAL_CAN_RxFifo0FullCallback
                0x00000000080022e2        0x2 CMakeFiles/CAN_STM.elf.dir/Drivers/STM32L4xx_HAL_Driver/Src/stm32l4xx_hal_can.c.obj
                0x00000000080022e2                HAL_CAN_RxFifo0FullCallback
 .text.HAL_CAN_RxFifo1MsgPendingCallback
                0x00000000080022e4        0x2 CMakeFiles/CAN_STM.elf.dir/Drivers/STM32L4xx_HAL_Driver/Src/stm32l4xx_hal_can.c.obj
                0x00000000080022e4                HAL_CAN_RxFifo1MsgPendingCallback
 .text.HAL_CAN_RxFifo1FullCallback
                0x00000000080022e6        0x2 CMakeFiles/CAN_STM.elf.dir/Drivers/STM32L4xx_HAL_Driver/Src/stm32l4xx_hal_can.c.obj
                0x00000000080022e6                HAL_CAN_RxFifo1FullCallback
 .text.HAL_CAN_SleepCallback
                0x00000000080022e8        0x2 CMakeFiles/CAN_STM.elf.dir/Drivers/STM32L4xx_HAL_Driver/Src/stm32l4xx_hal_can.c.obj
                0x00000000080022e8                HAL_CAN_SleepCallback
 .text.HAL_CAN_WakeUpFromRxMsgCallback
                0x00000000080022ea        0x2 CMakeFiles/CAN_STM.elf.dir/Drivers/STM32L4xx_HAL_Driver/Src/stm32l4xx_hal_can.c.obj
                0x00000000080022ea                HAL_CAN_WakeUpFromRxMsgCallback
 .text.HAL_CAN_ErrorCallback
                0x00000000080022ec        0x2 CMakeFiles/CAN_STM.elf.dir/Drivers/STM32L4xx_HAL_Driver/Src/stm32l4xx_hal_can.c.obj
                0x00000000080022ec                HAL_CAN_ErrorCallback
 .text.HAL_CAN_IRQHandler
                0x00000000080022ee      0x24a CMakeFiles/CAN_STM.elf.dir/Drivers/STM32L4xx_HAL_Driver/Src/stm32l4xx_hal_can.c.obj
                0x00000000080022ee                HAL_CAN_IRQHandler
 .text.__NVIC_EnableIRQ
                0x0000000008002538       0x1c CMakeFiles/CAN_STM.elf.dir/Drivers/STM32L4xx_HAL_Driver/Src/stm32l4xx_hal_cortex.c.obj
 .text.__NVIC_SetPriority
                0x0000000008002554       0x28 CMakeFiles/CAN_STM.elf.dir/Drivers/STM32L4xx_HAL_Driver/Src/stm32l4xx_hal_cortex.c.obj
 .text.NVIC_EncodePriority
                0x000000000800257c       0x3e CMakeFiles/CAN_STM.elf.dir/Drivers/STM32L4xx_HAL_Driver/Src/stm32l4xx_hal_cortex.c.obj
 *fill*         0x00000000080025ba        0x2 
 .text.HAL_NVIC_SetPriorityGrouping
                0x00000000080025bc       0x24 CMakeFiles/CAN_STM.elf.dir/Drivers/STM32L4xx_HAL_Driver/Src/stm32l4xx_hal_cortex.c.obj
                0x00000000080025bc                HAL_NVIC_SetPriorityGrouping
 .text.HAL_NVIC_SetPriority
                0x00000000080025e0       0x20 CMakeFiles/CAN_STM.elf.dir/Drivers/STM32L4xx_HAL_Driver/Src/stm32l4xx_hal_cortex.c.obj
                0x00000000080025e0                HAL_NVIC_SetPriority
 .text.HAL_NVIC_EnableIRQ
                0x0000000008002600        0x8 CMakeFiles/CAN_STM.elf.dir/Drivers/STM32L4xx_HAL_Driver/Src/stm32l4xx_hal_cortex.c.obj
                0x0000000008002600                HAL_NVIC_EnableIRQ
 .text.HAL_SYSTICK_Config
                0x0000000008002608       0x28 CMakeFiles/CAN_STM.elf.dir/Drivers/STM32L4xx_HAL_Driver/Src/stm32l4xx_hal_cortex.c.obj
                0x0000000008002608                HAL_SYSTICK_Config
 .text.HAL_GPIO_Init
                0x0000000008002630      0x1b8 CMakeFiles/CAN_STM.elf.dir/Drivers/STM32L4xx_HAL_Driver/Src/stm32l4xx_hal_gpio.c.obj
                0x0000000008002630                HAL_GPIO_Init
 .text.HAL_GPIO_WritePin
                0x00000000080027e8        0xa CMakeFiles/CAN_STM.elf.dir/Drivers/STM32L4xx_HAL_Driver/Src/stm32l4xx_hal_gpio.c.obj
                0x00000000080027e8                HAL_GPIO_WritePin
 .text.HAL_GPIO_TogglePin
                0x00000000080027f2       0x12 CMakeFiles/CAN_STM.elf.dir/Drivers/STM32L4xx_HAL_Driver/Src/stm32l4xx_hal_gpio.c.obj
                0x00000000080027f2                HAL_GPIO_TogglePin
 .text.HAL_PWREx_GetVoltageRange
                0x0000000008002804       0x10 CMakeFiles/CAN_STM.elf.dir/Drivers/STM32L4xx_HAL_Driver/Src/stm32l4xx_hal_pwr_ex.c.obj
                0x0000000008002804                HAL_PWREx_GetVoltageRange
 .text.HAL_PWREx_ControlVoltageScaling
                0x0000000008002814       0x90 CMakeFiles/CAN_STM.elf.dir/Drivers/STM32L4xx_HAL_Driver/Src/stm32l4xx_hal_pwr_ex.c.obj
                0x0000000008002814                HAL_PWREx_ControlVoltageScaling
 .text.RCC_SetFlashLatencyFromMSIRange
                0x00000000080028a4       0x90 CMakeFiles/CAN_STM.elf.dir/Drivers/STM32L4xx_HAL_Driver/Src/stm32l4xx_hal_rcc.c.obj
 .text.HAL_RCC_GetSysClockFreq
                0x0000000008002934       0xb4 CMakeFiles/CAN_STM.elf.dir/Drivers/STM32L4xx_HAL_Driver/Src/stm32l4xx_hal_rcc.c.obj
                0x0000000008002934                HAL_RCC_GetSysClockFreq
 .text.HAL_RCC_OscConfig
                0x00000000080029e8      0x66c CMakeFiles/CAN_STM.elf.dir/Drivers/STM32L4xx_HAL_Driver/Src/stm32l4xx_hal_rcc.c.obj
                0x00000000080029e8                HAL_RCC_OscConfig
 .text.HAL_RCC_ClockConfig
                0x0000000008003054      0x188 CMakeFiles/CAN_STM.elf.dir/Drivers/STM32L4xx_HAL_Driver/Src/stm32l4xx_hal_rcc.c.obj
                0x0000000008003054                HAL_RCC_ClockConfig
 .text.HAL_RCC_GetHCLKFreq
                0x00000000080031dc        0xc CMakeFiles/CAN_STM.elf.dir/Drivers/STM32L4xx_HAL_Driver/Src/stm32l4xx_hal_rcc.c.obj
                0x00000000080031dc                HAL_RCC_GetHCLKFreq
 .text.HAL_RCC_GetPCLK1Freq
                0x00000000080031e8       0x24 CMakeFiles/CAN_STM.elf.dir/Drivers/STM32L4xx_HAL_Driver/Src/stm32l4xx_hal_rcc.c.obj
                0x00000000080031e8                HAL_RCC_GetPCLK1Freq
 .text.HAL_RCC_GetPCLK2Freq
                0x000000000800320c       0x24 CMakeFiles/CAN_STM.elf.dir/Drivers/STM32L4xx_HAL_Driver/Src/stm32l4xx_hal_rcc.c.obj
                0x000000000800320c                HAL_RCC_GetPCLK2Freq
 .text.RCCEx_PLLSAI1_Config
                0x0000000008003230      0x16c CMakeFiles/CAN_STM.elf.dir/Drivers/STM32L4xx_HAL_Driver/Src/stm32l4xx_hal_rcc_ex.c.obj
 .text.HAL_RCCEx_PeriphCLKConfig
                0x000000000800339c      0x2e8 CMakeFiles/CAN_STM.elf.dir/Drivers/STM32L4xx_HAL_Driver/Src/stm32l4xx_hal_rcc_ex.c.obj
                0x000000000800339c                HAL_RCCEx_PeriphCLKConfig
 .text.HAL_TIM_Base_Start_IT
                0x0000000008003684       0x6c CMakeFiles/CAN_STM.elf.dir/Drivers/STM32L4xx_HAL_Driver/Src/stm32l4xx_hal_tim.c.obj
                0x0000000008003684                HAL_TIM_Base_Start_IT
 .text.HAL_TIM_OC_DelayElapsedCallback
                0x00000000080036f0        0x2 CMakeFiles/CAN_STM.elf.dir/Drivers/STM32L4xx_HAL_Driver/Src/stm32l4xx_hal_tim.c.obj
                0x00000000080036f0                HAL_TIM_OC_DelayElapsedCallback
 .text.HAL_TIM_IC_CaptureCallback
                0x00000000080036f2        0x2 CMakeFiles/CAN_STM.elf.dir/Drivers/STM32L4xx_HAL_Driver/Src/stm32l4xx_hal_tim.c.obj
                0x00000000080036f2                HAL_TIM_IC_CaptureCallback
 .text.HAL_TIM_PWM_PulseFinishedCallback
                0x00000000080036f4        0x2 CMakeFiles/CAN_STM.elf.dir/Drivers/STM32L4xx_HAL_Driver/Src/stm32l4xx_hal_tim.c.obj
                0x00000000080036f4                HAL_TIM_PWM_PulseFinishedCallback
 .text.HAL_TIM_TriggerCallback
                0x00000000080036f6        0x2 CMakeFiles/CAN_STM.elf.dir/Drivers/STM32L4xx_HAL_Driver/Src/stm32l4xx_hal_tim.c.obj
                0x00000000080036f6                HAL_TIM_TriggerCallback
 .text.HAL_TIM_IRQHandler
                0x00000000080036f8      0x19a CMakeFiles/CAN_STM.elf.dir/Drivers/STM32L4xx_HAL_Driver/Src/stm32l4xx_hal_tim.c.obj
                0x00000000080036f8                HAL_TIM_IRQHandler
 *fill*         0x0000000008003892        0x2 
 .text.TIM_Base_SetConfig
                0x0000000008003894       0x70 CMakeFiles/CAN_STM.elf.dir/Drivers/STM32L4xx_HAL_Driver/Src/stm32l4xx_hal_tim.c.obj
                0x0000000008003894                TIM_Base_SetConfig
 .text.HAL_TIM_Base_Init
                0x0000000008003904       0x60 CMakeFiles/CAN_STM.elf.dir/Drivers/STM32L4xx_HAL_Driver/Src/stm32l4xx_hal_tim.c.obj
                0x0000000008003904                HAL_TIM_Base_Init
 .text.HAL_TIMEx_MasterConfigSynchronization
                0x0000000008003964       0x70 CMakeFiles/CAN_STM.elf.dir/Drivers/STM32L4xx_HAL_Driver/Src/stm32l4xx_hal_tim_ex.c.obj
                0x0000000008003964                HAL_TIMEx_MasterConfigSynchronization
 .text.HAL_TIMEx_CommutCallback
                0x00000000080039d4        0x2 CMakeFiles/CAN_STM.elf.dir/Drivers/STM32L4xx_HAL_Driver/Src/stm32l4xx_hal_tim_ex.c.obj
                0x00000000080039d4                HAL_TIMEx_CommutCallback
 .text.HAL_TIMEx_BreakCallback
                0x00000000080039d6        0x2 CMakeFiles/CAN_STM.elf.dir/Drivers/STM32L4xx_HAL_Driver/Src/stm32l4xx_hal_tim_ex.c.obj
                0x00000000080039d6                HAL_TIMEx_BreakCallback
 .text.HAL_TIMEx_Break2Callback
                0x00000000080039d8        0x2 CMakeFiles/CAN_STM.elf.dir/Drivers/STM32L4xx_HAL_Driver/Src/stm32l4xx_hal_tim_ex.c.obj
                0x00000000080039d8                HAL_TIMEx_Break2Callback
 *fill*         0x00000000080039da        0x2 
 .text.UART_SetConfig
                0x00000000080039dc      0x260 CMakeFiles/CAN_STM.elf.dir/Drivers/STM32L4xx_HAL_Driver/Src/stm32l4xx_hal_uart.c.obj
                0x00000000080039dc                UART_SetConfig
 .text.UART_AdvFeatureConfig
                0x0000000008003c3c       0xca CMakeFiles/CAN_STM.elf.dir/Drivers/STM32L4xx_HAL_Driver/Src/stm32l4xx_hal_uart.c.obj
                0x0000000008003c3c                UART_AdvFeatureConfig
 .text.UART_WaitOnFlagUntilTimeout
                0x0000000008003d06       0xd0 CMakeFiles/CAN_STM.elf.dir/Drivers/STM32L4xx_HAL_Driver/Src/stm32l4xx_hal_uart.c.obj
                0x0000000008003d06                UART_WaitOnFlagUntilTimeout
 .text.HAL_UART_Transmit
                0x0000000008003dd6       0xd8 CMakeFiles/CAN_STM.elf.dir/Drivers/STM32L4xx_HAL_Driver/Src/stm32l4xx_hal_uart.c.obj
                0x0000000008003dd6                HAL_UART_Transmit
 .text.UART_CheckIdleState
                0x0000000008003eae       0x70 CMakeFiles/CAN_STM.elf.dir/Drivers/STM32L4xx_HAL_Driver/Src/stm32l4xx_hal_uart.c.obj
                0x0000000008003eae                UART_CheckIdleState
 .text.HAL_UART_Init
                0x0000000008003f1e       0x62 CMakeFiles/CAN_STM.elf.dir/Drivers/STM32L4xx_HAL_Driver/Src/stm32l4xx_hal_uart.c.obj
                0x0000000008003f1e                HAL_UART_Init
 .text.__udivmoddi4
                0x0000000008003f80      0x2a0 /usr/lib/gcc/arm-none-eabi/12.2.0/thumb/v7e-m/nofp/libgcc.a(_udivmoddi4.o)
                0x0000000008003f80                __udivmoddi4
 .text.atexit   0x0000000008004220        0xc /usr/lib/gcc/arm-none-eabi/12.2.0/../../../../arm-none-eabi/lib/thumb/v7e-m/nofp/libg.a(lib_a-atexit.o)
                0x0000000008004220                atexit
 .text.__errno  0x000000000800422c        0xc /usr/lib/gcc/arm-none-eabi/12.2.0/../../../../arm-none-eabi/lib/thumb/v7e-m/nofp/libg.a(lib_a-errno.o)
                0x000000000800422c                __errno
 .text.__libc_fini_array
                0x0000000008004238       0x2c /usr/lib/gcc/arm-none-eabi/12.2.0/../../../../arm-none-eabi/lib/thumb/v7e-m/nofp/libg.a(lib_a-fini.o)
                0x0000000008004238                __libc_fini_array
 .text.__libc_init_array
                0x0000000008004264       0x48 /usr/lib/gcc/arm-none-eabi/12.2.0/../../../../arm-none-eabi/lib/thumb/v7e-m/nofp/libg.a(lib_a-init.o)
                0x0000000008004264                __libc_init_array
 .text.memset   0x00000000080042ac       0xa4 /usr/lib/gcc/arm-none-eabi/12.2.0/../../../../arm-none-eabi/lib/thumb/v7e-m/nofp/libg.a(lib_a-memset.o)
                0x00000000080042ac                memset
 .text.printf   0x0000000008004350       0x28 /usr/lib/gcc/arm-none-eabi/12.2.0/../../../../arm-none-eabi/lib/thumb/v7e-m/nofp/libg.a(lib_a-printf.o)
                0x0000000008004350                printf
 .text._puts_r  0x0000000008004378       0x9c /usr/lib/gcc/arm-none-eabi/12.2.0/../../../../arm-none-eabi/lib/thumb/v7e-m/nofp/libg.a(lib_a-puts.o)
                0x0000000008004378                _puts_r
 .text.puts     0x0000000008004414       0x10 /usr/lib/gcc/arm-none-eabi/12.2.0/../../../../arm-none-eabi/lib/thumb/v7e-m/nofp/libg.a(lib_a-puts.o)
                0x0000000008004414                puts
 .text._vfprintf_r
                0x0000000008004424     0x1a64 /usr/lib/gcc/arm-none-eabi/12.2.0/../../../../arm-none-eabi/lib/thumb/v7e-m/nofp/libg.a(lib_a-vfprintf.o)
                0x0000000008004424                _vfprintf_r
 .text.__sbprintf
                0x0000000008005e88       0x80 /usr/lib/gcc/arm-none-eabi/12.2.0/../../../../arm-none-eabi/lib/thumb/v7e-m/nofp/libg.a(lib_a-vfprintf.o)
 .text.__swsetup_r
                0x0000000008005f08       0xd4 /usr/lib/gcc/arm-none-eabi/12.2.0/../../../../arm-none-eabi/lib/thumb/v7e-m/nofp/libg.a(lib_a-wsetup.o)
                0x0000000008005f08                __swsetup_r
 .text.__register_exitproc
                0x0000000008005fdc       0x84 /usr/lib/gcc/arm-none-eabi/12.2.0/../../../../arm-none-eabi/lib/thumb/v7e-m/nofp/libg.a(lib_a-__atexit.o)
                0x0000000008005fdc                __register_exitproc
 .text.startup.register_fini
                0x0000000008006060       0x14 /usr/lib/gcc/arm-none-eabi/12.2.0/../../../../arm-none-eabi/lib/thumb/v7e-m/nofp/libg.a(lib_a-__call_atexit.o)
 .text.quorem   0x0000000008006074      0x128 /usr/lib/gcc/arm-none-eabi/12.2.0/../../../../arm-none-eabi/lib/thumb/v7e-m/nofp/libg.a(lib_a-dtoa.o)
 *fill*         0x000000000800619c        0x4 
 .text._dtoa_r  0x00000000080061a0      0xe98 /usr/lib/gcc/arm-none-eabi/12.2.0/../../../../arm-none-eabi/lib/thumb/v7e-m/nofp/libg.a(lib_a-dtoa.o)
                0x00000000080061a0                _dtoa_r
 .text.__sflush_r
                0x0000000008007038      0x134 /usr/lib/gcc/arm-none-eabi/12.2.0/../../../../arm-none-eabi/lib/thumb/v7e-m/nofp/libg.a(lib_a-fflush.o)
                0x0000000008007038                __sflush_r
 .text._fflush_r
                0x000000000800716c       0x5c /usr/lib/gcc/arm-none-eabi/12.2.0/../../../../arm-none-eabi/lib/thumb/v7e-m/nofp/libg.a(lib_a-fflush.o)
                0x000000000800716c                _fflush_r
 .text._cleanup_r
                0x00000000080071c8        0xc /usr/lib/gcc/arm-none-eabi/12.2.0/../../../../arm-none-eabi/lib/thumb/v7e-m/nofp/libg.a(lib_a-findfp.o)
                0x00000000080071c8                _cleanup_r
 .text.__sinit  0x00000000080071d4      0x10c /usr/lib/gcc/arm-none-eabi/12.2.0/../../../../arm-none-eabi/lib/thumb/v7e-m/nofp/libg.a(lib_a-findfp.o)
                0x00000000080071d4                __sinit
 .text.__sfp_lock_acquire
                0x00000000080072e0        0xc /usr/lib/gcc/arm-none-eabi/12.2.0/../../../../arm-none-eabi/lib/thumb/v7e-m/nofp/libg.a(lib_a-findfp.o)
                0x00000000080072e0                __sfp_lock_acquire
 .text.__sfp_lock_release
                0x00000000080072ec        0xc /usr/lib/gcc/arm-none-eabi/12.2.0/../../../../arm-none-eabi/lib/thumb/v7e-m/nofp/libg.a(lib_a-findfp.o)
                0x00000000080072ec                __sfp_lock_release
 .text._malloc_trim_r
                0x00000000080072f8       0xa0 /usr/lib/gcc/arm-none-eabi/12.2.0/../../../../arm-none-eabi/lib/thumb/v7e-m/nofp/libg.a(lib_a-freer.o)
                0x00000000080072f8                _malloc_trim_r
 .text._free_r  0x0000000008007398      0x1f8 /usr/lib/gcc/arm-none-eabi/12.2.0/../../../../arm-none-eabi/lib/thumb/v7e-m/nofp/libg.a(lib_a-freer.o)
                0x0000000008007398                _free_r
 .text.__sfvwrite_r
                0x0000000008007590      0x308 /usr/lib/gcc/arm-none-eabi/12.2.0/../../../../arm-none-eabi/lib/thumb/v7e-m/nofp/libg.a(lib_a-fvwrite.o)
                0x0000000008007590                __sfvwrite_r
 .text._fwalk_reent
                0x0000000008007898       0x48 /usr/lib/gcc/arm-none-eabi/12.2.0/../../../../arm-none-eabi/lib/thumb/v7e-m/nofp/libg.a(lib_a-fwalk.o)
                0x0000000008007898                _fwalk_reent
 .text._localeconv_r
                0x00000000080078e0        0x8 /usr/lib/gcc/arm-none-eabi/12.2.0/../../../../arm-none-eabi/lib/thumb/v7e-m/nofp/libg.a(lib_a-localeconv.o)
                0x00000000080078e0                _localeconv_r
 .text.__locale_mb_cur_max
                0x00000000080078e8        0xc /usr/lib/gcc/arm-none-eabi/12.2.0/../../../../arm-none-eabi/lib/thumb/v7e-m/nofp/libg.a(lib_a-locale.o)
                0x00000000080078e8                __locale_mb_cur_max
 .text.__retarget_lock_init_recursive
                0x00000000080078f4        0x4 /usr/lib/gcc/arm-none-eabi/12.2.0/../../../../arm-none-eabi/lib/thumb/v7e-m/nofp/libg.a(lib_a-lock.o)
                0x00000000080078f4                __retarget_lock_init_recursive
 .text.__retarget_lock_close_recursive
                0x00000000080078f8        0x4 /usr/lib/gcc/arm-none-eabi/12.2.0/../../../../arm-none-eabi/lib/thumb/v7e-m/nofp/libg.a(lib_a-lock.o)
                0x00000000080078f8                __retarget_lock_close_recursive
 .text.__retarget_lock_acquire_recursive
                0x00000000080078fc        0x4 /usr/lib/gcc/arm-none-eabi/12.2.0/../../../../arm-none-eabi/lib/thumb/v7e-m/nofp/libg.a(lib_a-lock.o)
                0x00000000080078fc                __retarget_lock_acquire_recursive
 .text.__retarget_lock_release_recursive
                0x0000000008007900        0x4 /usr/lib/gcc/arm-none-eabi/12.2.0/../../../../arm-none-eabi/lib/thumb/v7e-m/nofp/libg.a(lib_a-lock.o)
                0x0000000008007900                __retarget_lock_release_recursive
 .text.__smakebuf_r
                0x0000000008007904       0xe0 /usr/lib/gcc/arm-none-eabi/12.2.0/../../../../arm-none-eabi/lib/thumb/v7e-m/nofp/libg.a(lib_a-makebuf.o)
                0x0000000008007904                __smakebuf_r
 .text._malloc_r
                0x00000000080079e4      0x560 /usr/lib/gcc/arm-none-eabi/12.2.0/../../../../arm-none-eabi/lib/thumb/v7e-m/nofp/libg.a(lib_a-mallocr.o)
                0x00000000080079e4                _malloc_r
 .text.__ascii_mbtowc
                0x0000000008007f44       0x2c /usr/lib/gcc/arm-none-eabi/12.2.0/../../../../arm-none-eabi/lib/thumb/v7e-m/nofp/libg.a(lib_a-mbtowc_r.o)
                0x0000000008007f44                __ascii_mbtowc
 .text.memmove  0x0000000008007f70       0xf8 /usr/lib/gcc/arm-none-eabi/12.2.0/../../../../arm-none-eabi/lib/thumb/v7e-m/nofp/libg.a(lib_a-memmove.o)
                0x0000000008007f70                memmove
 .text.__malloc_lock
                0x0000000008008068        0xc /usr/lib/gcc/arm-none-eabi/12.2.0/../../../../arm-none-eabi/lib/thumb/v7e-m/nofp/libg.a(lib_a-mlock.o)
                0x0000000008008068                __malloc_lock
 .text.__malloc_unlock
                0x0000000008008074        0xc /usr/lib/gcc/arm-none-eabi/12.2.0/../../../../arm-none-eabi/lib/thumb/v7e-m/nofp/libg.a(lib_a-mlock.o)
                0x0000000008008074                __malloc_unlock
 .text._Balloc  0x0000000008008080       0x4c /usr/lib/gcc/arm-none-eabi/12.2.0/../../../../arm-none-eabi/lib/thumb/v7e-m/nofp/libg.a(lib_a-mprec.o)
                0x0000000008008080                _Balloc
 .text._Bfree   0x00000000080080cc       0x14 /usr/lib/gcc/arm-none-eabi/12.2.0/../../../../arm-none-eabi/lib/thumb/v7e-m/nofp/libg.a(lib_a-mprec.o)
                0x00000000080080cc                _Bfree
 .text.__multadd
                0x00000000080080e0       0xa0 /usr/lib/gcc/arm-none-eabi/12.2.0/../../../../arm-none-eabi/lib/thumb/v7e-m/nofp/libg.a(lib_a-mprec.o)
                0x00000000080080e0                __multadd
 .text.__hi0bits
                0x0000000008008180       0x40 /usr/lib/gcc/arm-none-eabi/12.2.0/../../../../arm-none-eabi/lib/thumb/v7e-m/nofp/libg.a(lib_a-mprec.o)
                0x0000000008008180                __hi0bits
 .text.__lo0bits
                0x00000000080081c0       0x60 /usr/lib/gcc/arm-none-eabi/12.2.0/../../../../arm-none-eabi/lib/thumb/v7e-m/nofp/libg.a(lib_a-mprec.o)
                0x00000000080081c0                __lo0bits
 .text.__i2b    0x0000000008008220       0x5c /usr/lib/gcc/arm-none-eabi/12.2.0/../../../../arm-none-eabi/lib/thumb/v7e-m/nofp/libg.a(lib_a-mprec.o)
                0x0000000008008220                __i2b
 .text.__multiply
                0x000000000800827c      0x15c /usr/lib/gcc/arm-none-eabi/12.2.0/../../../../arm-none-eabi/lib/thumb/v7e-m/nofp/libg.a(lib_a-mprec.o)
                0x000000000800827c                __multiply
 .text.__pow5mult
                0x00000000080083d8       0xc0 /usr/lib/gcc/arm-none-eabi/12.2.0/../../../../arm-none-eabi/lib/thumb/v7e-m/nofp/libg.a(lib_a-mprec.o)
                0x00000000080083d8                __pow5mult
 .text.__lshift
                0x0000000008008498       0xf0 /usr/lib/gcc/arm-none-eabi/12.2.0/../../../../arm-none-eabi/lib/thumb/v7e-m/nofp/libg.a(lib_a-mprec.o)
                0x0000000008008498                __lshift
 .text.__mcmp   0x0000000008008588       0x40 /usr/lib/gcc/arm-none-eabi/12.2.0/../../../../arm-none-eabi/lib/thumb/v7e-m/nofp/libg.a(lib_a-mprec.o)
                0x0000000008008588                __mcmp
 .text.__mdiff  0x00000000080085c8      0x154 /usr/lib/gcc/arm-none-eabi/12.2.0/../../../../arm-none-eabi/lib/thumb/v7e-m/nofp/libg.a(lib_a-mprec.o)
                0x00000000080085c8                __mdiff
 .text.__d2b    0x000000000800871c       0xc0 /usr/lib/gcc/arm-none-eabi/12.2.0/../../../../arm-none-eabi/lib/thumb/v7e-m/nofp/libg.a(lib_a-mprec.o)
                0x000000000800871c                __d2b
 .text._realloc_r
                0x00000000080087dc      0x3d8 /usr/lib/gcc/arm-none-eabi/12.2.0/../../../../arm-none-eabi/lib/thumb/v7e-m/nofp/libg.a(lib_a-reallocr.o)
                0x00000000080087dc                _realloc_r
 .text._sbrk_r  0x0000000008008bb4       0x24 /usr/lib/gcc/arm-none-eabi/12.2.0/../../../../arm-none-eabi/lib/thumb/v7e-m/nofp/libg.a(lib_a-sbrkr.o)
                0x0000000008008bb4                _sbrk_r
 .text.frexp    0x0000000008008bd8       0x70 /usr/lib/gcc/arm-none-eabi/12.2.0/../../../../arm-none-eabi/lib/thumb/v7e-m/nofp/libg.a(lib_a-s_frexp.o)
                0x0000000008008bd8                frexp
 .text.__sread  0x0000000008008c48       0x24 /usr/lib/gcc/arm-none-eabi/12.2.0/../../../../arm-none-eabi/lib/thumb/v7e-m/nofp/libg.a(lib_a-stdio.o)
                0x0000000008008c48                __sread
 .text.__swrite
                0x0000000008008c6c       0x40 /usr/lib/gcc/arm-none-eabi/12.2.0/../../../../arm-none-eabi/lib/thumb/v7e-m/nofp/libg.a(lib_a-stdio.o)
                0x0000000008008c6c                __swrite
 .text.__sseek  0x0000000008008cac       0x20 /usr/lib/gcc/arm-none-eabi/12.2.0/../../../../arm-none-eabi/lib/thumb/v7e-m/nofp/libg.a(lib_a-stdio.o)
                0x0000000008008cac                __sseek
 .text.__sclose
                0x0000000008008ccc        0x8 /usr/lib/gcc/arm-none-eabi/12.2.0/../../../../arm-none-eabi/lib/thumb/v7e-m/nofp/libg.a(lib_a-stdio.o)
                0x0000000008008ccc                __sclose
 .text.strncpy  0x0000000008008cd4       0x64 /usr/lib/gcc/arm-none-eabi/12.2.0/../../../../arm-none-eabi/lib/thumb/v7e-m/nofp/libg.a(lib_a-strncpy.o)
                0x0000000008008cd4                strncpy
 .text.__sprint_r.part.0
                0x0000000008008d38       0x78 /usr/lib/gcc/arm-none-eabi/12.2.0/../../../../arm-none-eabi/lib/thumb/v7e-m/nofp/libg.a(lib_a-vfiprintf.o)
 .text.__sprint_r
                0x0000000008008db0       0x14 /usr/lib/gcc/arm-none-eabi/12.2.0/../../../../arm-none-eabi/lib/thumb/v7e-m/nofp/libg.a(lib_a-vfiprintf.o)
                0x0000000008008db0                __sprint_r
 .text._vfiprintf_r
                0x0000000008008dc4      0xd20 /usr/lib/gcc/arm-none-eabi/12.2.0/../../../../arm-none-eabi/lib/thumb/v7e-m/nofp/libg.a(lib_a-vfiprintf.o)
                0x0000000008008dc4                _vfiprintf_r
 .text.__sbprintf
                0x0000000008009ae4       0x80 /usr/lib/gcc/arm-none-eabi/12.2.0/../../../../arm-none-eabi/lib/thumb/v7e-m/nofp/libg.a(lib_a-vfiprintf.o)
 .text.__ascii_wctomb
                0x0000000008009b64       0x1c /usr/lib/gcc/arm-none-eabi/12.2.0/../../../../arm-none-eabi/lib/thumb/v7e-m/nofp/libg.a(lib_a-wctomb_r.o)
                0x0000000008009b64                __ascii_wctomb
 .text._write_r
                0x0000000008009b80       0x2c /usr/lib/gcc/arm-none-eabi/12.2.0/../../../../arm-none-eabi/lib/thumb/v7e-m/nofp/libg.a(lib_a-writer.o)
                0x0000000008009b80                _write_r
 .text.__assert_func
                0x0000000008009bac       0x40 /usr/lib/gcc/arm-none-eabi/12.2.0/../../../../arm-none-eabi/lib/thumb/v7e-m/nofp/libg.a(lib_a-assert.o)
                0x0000000008009bac                __assert_func
 .text._calloc_r
                0x0000000008009bec       0x78 /usr/lib/gcc/arm-none-eabi/12.2.0/../../../../arm-none-eabi/lib/thumb/v7e-m/nofp/libg.a(lib_a-callocr.o)
                0x0000000008009bec                _calloc_r
 .text._close_r
                0x0000000008009c64       0x24 /usr/lib/gcc/arm-none-eabi/12.2.0/../../../../arm-none-eabi/lib/thumb/v7e-m/nofp/libg.a(lib_a-closer.o)
                0x0000000008009c64                _close_r
 .text._fclose_r
                0x0000000008009c88       0xd0 /usr/lib/gcc/arm-none-eabi/12.2.0/../../../../arm-none-eabi/lib/thumb/v7e-m/nofp/libg.a(lib_a-fclose.o)
                0x0000000008009c88                _fclose_r
 .text.fiprintf
                0x0000000008009d58       0x28 /usr/lib/gcc/arm-none-eabi/12.2.0/../../../../arm-none-eabi/lib/thumb/v7e-m/nofp/libg.a(lib_a-fiprintf.o)
                0x0000000008009d58                fiprintf
 .text.__fputwc
                0x0000000008009d80       0xa8 /usr/lib/gcc/arm-none-eabi/12.2.0/../../../../arm-none-eabi/lib/thumb/v7e-m/nofp/libg.a(lib_a-fputwc.o)
                0x0000000008009d80                __fputwc
 .text._fputwc_r
                0x0000000008009e28       0x64 /usr/lib/gcc/arm-none-eabi/12.2.0/../../../../arm-none-eabi/lib/thumb/v7e-m/nofp/libg.a(lib_a-fputwc.o)
                0x0000000008009e28                _fputwc_r
 .text._fstat_r
                0x0000000008009e8c       0x2c /usr/lib/gcc/arm-none-eabi/12.2.0/../../../../arm-none-eabi/lib/thumb/v7e-m/nofp/libg.a(lib_a-fstatr.o)
                0x0000000008009e8c                _fstat_r
 .text._isatty_r
                0x0000000008009eb8       0x24 /usr/lib/gcc/arm-none-eabi/12.2.0/../../../../arm-none-eabi/lib/thumb/v7e-m/nofp/libg.a(lib_a-isattyr.o)
                0x0000000008009eb8                _isatty_r
 .text._lseek_r
                0x0000000008009edc       0x2c /usr/lib/gcc/arm-none-eabi/12.2.0/../../../../arm-none-eabi/lib/thumb/v7e-m/nofp/libg.a(lib_a-lseekr.o)
                0x0000000008009edc                _lseek_r
 .text._read_r  0x0000000008009f08       0x2c /usr/lib/gcc/arm-none-eabi/12.2.0/../../../../arm-none-eabi/lib/thumb/v7e-m/nofp/libg.a(lib_a-readr.o)
                0x0000000008009f08                _read_r
 .text.__swbuf_r
                0x0000000008009f34       0xb0 /usr/lib/gcc/arm-none-eabi/12.2.0/../../../../arm-none-eabi/lib/thumb/v7e-m/nofp/libg.a(lib_a-wbuf.o)
                0x0000000008009f34                __swbuf_r
 .text._wcrtomb_r
                0x0000000008009fe4       0x34 /usr/lib/gcc/arm-none-eabi/12.2.0/../../../../arm-none-eabi/lib/thumb/v7e-m/nofp/libg.a(lib_a-wcrtomb.o)
                0x0000000008009fe4                _wcrtomb_r
 .text.abort    0x000000000800a018       0x10 /usr/lib/gcc/arm-none-eabi/12.2.0/../../../../arm-none-eabi/lib/thumb/v7e-m/nofp/libg.a(lib_a-abort.o)
                0x000000000800a018                abort
 .text.raise    0x000000000800a028       0x5c /usr/lib/gcc/arm-none-eabi/12.2.0/../../../../arm-none-eabi/lib/thumb/v7e-m/nofp/libg.a(lib_a-signal.o)
                0x000000000800a028                raise
 .text._kill_r  0x000000000800a084       0x2c /usr/lib/gcc/arm-none-eabi/12.2.0/../../../../arm-none-eabi/lib/thumb/v7e-m/nofp/libg.a(lib_a-signalr.o)
                0x000000000800a084                _kill_r
 .text._getpid_r
                0x000000000800a0b0        0x4 /usr/lib/gcc/arm-none-eabi/12.2.0/../../../../arm-none-eabi/lib/thumb/v7e-m/nofp/libg.a(lib_a-signalr.o)
                0x000000000800a0b0                _getpid_r
 *(.glue_7)
 .glue_7        0x000000000800a0b4        0x0 linker stubs
 *(.glue_7t)
 .glue_7t       0x000000000800a0b4        0x0 linker stubs
 *(.eh_frame)
 .eh_frame      0x000000000800a0b4        0x0 /usr/lib/gcc/arm-none-eabi/12.2.0/thumb/v7e-m/nofp/crtbegin.o
 *(.init)
 .init          0x000000000800a0b4        0x4 /usr/lib/gcc/arm-none-eabi/12.2.0/thumb/v7e-m/nofp/crti.o
                0x000000000800a0b4                _init
 .init          0x000000000800a0b8        0x8 /usr/lib/gcc/arm-none-eabi/12.2.0/thumb/v7e-m/nofp/crtn.o
 *(.fini)
 .fini          0x000000000800a0c0        0x4 /usr/lib/gcc/arm-none-eabi/12.2.0/thumb/v7e-m/nofp/crti.o
                0x000000000800a0c0                _fini
 .fini          0x000000000800a0c4        0x8 /usr/lib/gcc/arm-none-eabi/12.2.0/thumb/v7e-m/nofp/crtn.o
                0x000000000800a0cc                . = ALIGN (0x4)
                0x000000000800a0cc                _etext = .

.vfp11_veneer   0x000000000800a0cc        0x0
 .vfp11_veneer  0x000000000800a0cc        0x0 linker stubs

.v4_bx          0x000000000800a0cc        0x0
 .v4_bx         0x000000000800a0cc        0x0 linker stubs

.iplt           0x000000000800a0cc        0x0
 .iplt          0x000000000800a0cc        0x0 /usr/lib/gcc/arm-none-eabi/12.2.0/thumb/v7e-m/nofp/crtbegin.o

.rodata         0x000000000800a0d0      0x3f0
                0x000000000800a0d0                . = ALIGN (0x4)
 *(.rodata)
 *(.rodata*)
 .rodata.main.str1.4
                0x000000000800a0d0        0xd CMakeFiles/CAN_STM.elf.dir/Core/Src/main.c.obj
 *fill*         0x000000000800a0dd        0x3 
 .rodata.MSIRangeTable
                0x000000000800a0e0       0x30 CMakeFiles/CAN_STM.elf.dir/Core/Src/system_stm32l4xx.c.obj
                0x000000000800a0e0                MSIRangeTable
 .rodata.APBPrescTable
                0x000000000800a110        0x8 CMakeFiles/CAN_STM.elf.dir/Core/Src/system_stm32l4xx.c.obj
                0x000000000800a110                APBPrescTable
 .rodata.AHBPrescTable
                0x000000000800a118       0x10 CMakeFiles/CAN_STM.elf.dir/Core/Src/system_stm32l4xx.c.obj
                0x000000000800a118                AHBPrescTable
 .rodata._global_impure_ptr
                0x000000000800a128        0x4 /usr/lib/gcc/arm-none-eabi/12.2.0/../../../../arm-none-eabi/lib/thumb/v7e-m/nofp/libg.a(lib_a-impure.o)
                0x000000000800a128                _global_impure_ptr
 .rodata._puts_r.str1.4
                0x000000000800a12c        0x2 /usr/lib/gcc/arm-none-eabi/12.2.0/../../../../arm-none-eabi/lib/thumb/v7e-m/nofp/libg.a(lib_a-puts.o)
 *fill*         0x000000000800a12e        0x2 
 .rodata._vfprintf_r.str1.4
                0x000000000800a130       0x42 /usr/lib/gcc/arm-none-eabi/12.2.0/../../../../arm-none-eabi/lib/thumb/v7e-m/nofp/libg.a(lib_a-vfprintf.o)
 *fill*         0x000000000800a172        0x2 
 .rodata.blanks.1
                0x000000000800a174       0x10 /usr/lib/gcc/arm-none-eabi/12.2.0/../../../../arm-none-eabi/lib/thumb/v7e-m/nofp/libg.a(lib_a-vfprintf.o)
 .rodata.zeroes.0
                0x000000000800a184       0x10 /usr/lib/gcc/arm-none-eabi/12.2.0/../../../../arm-none-eabi/lib/thumb/v7e-m/nofp/libg.a(lib_a-vfprintf.o)
 .rodata._dtoa_r.str1.4
                0x000000000800a194       0x6c /usr/lib/gcc/arm-none-eabi/12.2.0/../../../../arm-none-eabi/lib/thumb/v7e-m/nofp/libg.a(lib_a-dtoa.o)
                                         0x70 (size before relaxing)
 .rodata._setlocale_r.str1.4
                0x000000000800a200        0xa /usr/lib/gcc/arm-none-eabi/12.2.0/../../../../arm-none-eabi/lib/thumb/v7e-m/nofp/libg.a(lib_a-locale.o)
                                          0xd (size before relaxing)
 *fill*         0x000000000800a20a        0x2 
 .rodata.str1.4
                0x000000000800a20c        0x2 /usr/lib/gcc/arm-none-eabi/12.2.0/../../../../arm-none-eabi/lib/thumb/v7e-m/nofp/libg.a(lib_a-locale.o)
 *fill*         0x000000000800a20e        0x2 
 .rodata.__multadd.str1.4
                0x000000000800a210       0x49 /usr/lib/gcc/arm-none-eabi/12.2.0/../../../../arm-none-eabi/lib/thumb/v7e-m/nofp/libg.a(lib_a-mprec.o)
                                         0x5d (size before relaxing)
 *fill*         0x000000000800a259        0x7 
 .rodata.__mprec_bigtens
                0x000000000800a260       0x28 /usr/lib/gcc/arm-none-eabi/12.2.0/../../../../arm-none-eabi/lib/thumb/v7e-m/nofp/libg.a(lib_a-mprec.o)
                0x000000000800a260                __mprec_bigtens
 .rodata.__mprec_tens
                0x000000000800a288       0xc8 /usr/lib/gcc/arm-none-eabi/12.2.0/../../../../arm-none-eabi/lib/thumb/v7e-m/nofp/libg.a(lib_a-mprec.o)
                0x000000000800a288                __mprec_tens
 .rodata.p05.0  0x000000000800a350        0xc /usr/lib/gcc/arm-none-eabi/12.2.0/../../../../arm-none-eabi/lib/thumb/v7e-m/nofp/libg.a(lib_a-mprec.o)
 .rodata._vfiprintf_r.str1.4
                0x000000000800a35c       0x2f /usr/lib/gcc/arm-none-eabi/12.2.0/../../../../arm-none-eabi/lib/thumb/v7e-m/nofp/libg.a(lib_a-vfiprintf.o)
 .rodata.blanks.1
                0x000000000800a35c       0x10 /usr/lib/gcc/arm-none-eabi/12.2.0/../../../../arm-none-eabi/lib/thumb/v7e-m/nofp/libg.a(lib_a-vfiprintf.o)
 .rodata.zeroes.0
                0x000000000800a36c       0x10 /usr/lib/gcc/arm-none-eabi/12.2.0/../../../../arm-none-eabi/lib/thumb/v7e-m/nofp/libg.a(lib_a-vfiprintf.o)
 .rodata.__assert_func.str1.4
                0x000000000800a37c       0x3f /usr/lib/gcc/arm-none-eabi/12.2.0/../../../../arm-none-eabi/lib/thumb/v7e-m/nofp/libg.a(lib_a-assert.o)
                                         0x43 (size before relaxing)
 *fill*         0x000000000800a3bb        0x1 
 .rodata._ctype_
                0x000000000800a3bc      0x101 /usr/lib/gcc/arm-none-eabi/12.2.0/../../../../arm-none-eabi/lib/thumb/v7e-m/nofp/libg.a(lib_a-ctype_.o)
                0x000000000800a3bc                _ctype_
                0x000000000800a4c0                . = ALIGN (0x4)
 *fill*         0x000000000800a4bd        0x3 

.ARM.extab      0x000000000800a4c0        0x0
                0x000000000800a4c0                . = ALIGN (0x4)
 *(.ARM.extab* .gnu.linkonce.armextab.*)
                0x000000000800a4c0                . = ALIGN (0x4)

.ARM            0x000000000800a4c0        0x8
                0x000000000800a4c0                . = ALIGN (0x4)
                0x000000000800a4c0                __exidx_start = .
 *(.ARM.exidx*)
 .ARM.exidx.text.__udivmoddi4
                0x000000000800a4c0        0x8 /usr/lib/gcc/arm-none-eabi/12.2.0/thumb/v7e-m/nofp/libgcc.a(_udivmoddi4.o)
                0x000000000800a4c8                __exidx_end = .
                0x000000000800a4c8                . = ALIGN (0x4)

.rel.dyn        0x000000000800a4c8        0x0
 .rel.iplt      0x000000000800a4c8        0x0 /usr/lib/gcc/arm-none-eabi/12.2.0/thumb/v7e-m/nofp/crtbegin.o

.preinit_array  0x000000000800a4c8        0x0
                0x000000000800a4c8                . = ALIGN (0x4)
                0x000000000800a4c8                PROVIDE (__preinit_array_start = .)
 *(.preinit_array*)
                0x000000000800a4c8                PROVIDE (__preinit_array_end = .)
                0x000000000800a4c8                . = ALIGN (0x4)

.init_array     0x000000000800a4c8        0x8
                0x000000000800a4c8                . = ALIGN (0x4)
                0x000000000800a4c8                PROVIDE (__init_array_start = .)
 *(SORT_BY_NAME(.init_array.*))
 .init_array.00000
                0x000000000800a4c8        0x4 /usr/lib/gcc/arm-none-eabi/12.2.0/../../../../arm-none-eabi/lib/thumb/v7e-m/nofp/libg.a(lib_a-__call_atexit.o)
 *(.init_array*)
 .init_array    0x000000000800a4cc        0x4 /usr/lib/gcc/arm-none-eabi/12.2.0/thumb/v7e-m/nofp/crtbegin.o
                0x000000000800a4d0                PROVIDE (__init_array_end = .)
                0x000000000800a4d0                . = ALIGN (0x4)

.fini_array     0x000000000800a4d0        0x4
                0x000000000800a4d0                . = ALIGN (0x4)
                0x000000000800a4d0                PROVIDE (__fini_array_start = .)
 *(SORT_BY_NAME(.fini_array.*))
 *(.fini_array*)
 .fini_array    0x000000000800a4d0        0x4 /usr/lib/gcc/arm-none-eabi/12.2.0/thumb/v7e-m/nofp/crtbegin.o
                0x000000000800a4d4                PROVIDE (__fini_array_end = .)
                0x000000000800a4d4                . = ALIGN (0x4)
                0x000000000800a4d4                _sidata = LOADADDR (.data)

.data           0x0000000020000000      0x9b8 load address 0x000000000800a4d4
                0x0000000020000000                . = ALIGN (0x4)
                0x0000000020000000                _sdata = .
 *(.data)
 *(.data*)
 .data.SystemCoreClock
                0x0000000020000000        0x4 CMakeFiles/CAN_STM.elf.dir/Core/Src/system_stm32l4xx.c.obj
                0x0000000020000000                SystemCoreClock
 .data.uwTickFreq
                0x0000000020000004        0x1 CMakeFiles/CAN_STM.elf.dir/Drivers/STM32L4xx_HAL_Driver/Src/stm32l4xx_hal.c.obj
                0x0000000020000004                uwTickFreq
 *fill*         0x0000000020000005        0x3 
 .data.uwTickPrio
                0x0000000020000008        0x4 CMakeFiles/CAN_STM.elf.dir/Drivers/STM32L4xx_HAL_Driver/Src/stm32l4xx_hal.c.obj
                0x0000000020000008                uwTickPrio
 .data._impure_ptr
                0x000000002000000c        0x4 /usr/lib/gcc/arm-none-eabi/12.2.0/../../../../arm-none-eabi/lib/thumb/v7e-m/nofp/libg.a(lib_a-impure.o)
                0x000000002000000c                _impure_ptr
 .data.impure_data
                0x0000000020000010      0x428 /usr/lib/gcc/arm-none-eabi/12.2.0/../../../../arm-none-eabi/lib/thumb/v7e-m/nofp/libg.a(lib_a-impure.o)
 .data.__atexit_recursive_mutex
                0x0000000020000438        0x4 /usr/lib/gcc/arm-none-eabi/12.2.0/../../../../arm-none-eabi/lib/thumb/v7e-m/nofp/libg.a(lib_a-__call_atexit.o)
                0x0000000020000438                __atexit_recursive_mutex
 .data.__global_locale
                0x000000002000043c      0x16c /usr/lib/gcc/arm-none-eabi/12.2.0/../../../../arm-none-eabi/lib/thumb/v7e-m/nofp/libg.a(lib_a-locale.o)
                0x000000002000043c                __global_locale
 .data.__malloc_av_
                0x00000000200005a8      0x408 /usr/lib/gcc/arm-none-eabi/12.2.0/../../../../arm-none-eabi/lib/thumb/v7e-m/nofp/libg.a(lib_a-mallocr.o)
                0x00000000200005a8                __malloc_av_
 .data.__malloc_sbrk_base
                0x00000000200009b0        0x4 /usr/lib/gcc/arm-none-eabi/12.2.0/../../../../arm-none-eabi/lib/thumb/v7e-m/nofp/libg.a(lib_a-mallocr.o)
                0x00000000200009b0                __malloc_sbrk_base
 .data.__malloc_trim_threshold
                0x00000000200009b4        0x4 /usr/lib/gcc/arm-none-eabi/12.2.0/../../../../arm-none-eabi/lib/thumb/v7e-m/nofp/libg.a(lib_a-mallocr.o)
                0x00000000200009b4                __malloc_trim_threshold
 *(.RamFunc)
 *(.RamFunc*)
                0x00000000200009b8                . = ALIGN (0x4)
                0x00000000200009b8                _edata = .

.igot.plt       0x00000000200009b8        0x0 load address 0x000000000800ae8c
 .igot.plt      0x00000000200009b8        0x0 /usr/lib/gcc/arm-none-eabi/12.2.0/thumb/v7e-m/nofp/crtbegin.o
                0x00000000200009b8                . = ALIGN (0x4)

.bss            0x00000000200009b8      0x1e0 load address 0x000000000800ae8c
                0x00000000200009b8                _sbss = .
                0x00000000200009b8                __bss_start__ = _sbss
 *(.bss)
 *(.bss*)
 .bss.completed.1
                0x00000000200009b8        0x1 /usr/lib/gcc/arm-none-eabi/12.2.0/thumb/v7e-m/nofp/crtbegin.o
 *fill*         0x00000000200009b9        0x3 
 .bss.object.0  0x00000000200009bc       0x18 /usr/lib/gcc/arm-none-eabi/12.2.0/thumb/v7e-m/nofp/crtbegin.o
 .bss.egv_var_frame
                0x00000000200009d4        0x8 CMakeFiles/CAN_STM.elf.dir/Core/Src/main.c.obj
                0x00000000200009d4                egv_var_frame
 .bss.egv_sync_frame
                0x00000000200009dc        0x1 CMakeFiles/CAN_STM.elf.dir/Core/Src/main.c.obj
                0x00000000200009dc                egv_sync_frame
 *fill*         0x00000000200009dd        0x3 
 .bss.egv_accel_frame
                0x00000000200009e0        0x8 CMakeFiles/CAN_STM.elf.dir/Core/Src/main.c.obj
                0x00000000200009e0                egv_accel_frame
 .bss.var_ready
                0x00000000200009e8        0x1 CMakeFiles/CAN_STM.elf.dir/Core/Src/main.c.obj
                0x00000000200009e8                var_ready
 *fill*         0x00000000200009e9        0x3 
 .bss.huart2    0x00000000200009ec       0x84 CMakeFiles/CAN_STM.elf.dir/Core/Src/main.c.obj
                0x00000000200009ec                huart2
 .bss.htim6     0x0000000020000a70       0x4c CMakeFiles/CAN_STM.elf.dir/Core/Src/main.c.obj
                0x0000000020000a70                htim6
 .bss.hcan1     0x0000000020000abc       0x28 CMakeFiles/CAN_STM.elf.dir/Core/Src/main.c.obj
                0x0000000020000abc                hcan1
 .bss.hadc1     0x0000000020000ae4       0x64 CMakeFiles/CAN_STM.elf.dir/Core/Src/main.c.obj
                0x0000000020000ae4                hadc1
 .bss.__sbrk_heap_end
                0x0000000020000b48        0x4 CMakeFiles/CAN_STM.elf.dir/Core/Src/sysmem.c.obj
 .bss.uwTick    0x0000000020000b4c        0x4 CMakeFiles/CAN_STM.elf.dir/Drivers/STM32L4xx_HAL_Driver/Src/stm32l4xx_hal.c.obj
                0x0000000020000b4c                uwTick
 .bss.__lock___atexit_recursive_mutex
                0x0000000020000b50        0x1 /usr/lib/gcc/arm-none-eabi/12.2.0/../../../../arm-none-eabi/lib/thumb/v7e-m/nofp/libg.a(lib_a-lock.o)
                0x0000000020000b50                __lock___atexit_recursive_mutex
 *fill*         0x0000000020000b51        0x3 
 .bss.__lock___malloc_recursive_mutex
                0x0000000020000b54        0x1 /usr/lib/gcc/arm-none-eabi/12.2.0/../../../../arm-none-eabi/lib/thumb/v7e-m/nofp/libg.a(lib_a-lock.o)
                0x0000000020000b54                __lock___malloc_recursive_mutex
 *fill*         0x0000000020000b55        0x3 
 .bss.__lock___sfp_recursive_mutex
                0x0000000020000b58        0x1 /usr/lib/gcc/arm-none-eabi/12.2.0/../../../../arm-none-eabi/lib/thumb/v7e-m/nofp/libg.a(lib_a-lock.o)
                0x0000000020000b58                __lock___sfp_recursive_mutex
 *fill*         0x0000000020000b59        0x3 
 .bss.__lock___sinit_recursive_mutex
                0x0000000020000b5c        0x1 /usr/lib/gcc/arm-none-eabi/12.2.0/../../../../arm-none-eabi/lib/thumb/v7e-m/nofp/libg.a(lib_a-lock.o)
                0x0000000020000b5c                __lock___sinit_recursive_mutex
 *fill*         0x0000000020000b5d        0x3 
 .bss.__malloc_current_mallinfo
                0x0000000020000b60       0x28 /usr/lib/gcc/arm-none-eabi/12.2.0/../../../../arm-none-eabi/lib/thumb/v7e-m/nofp/libg.a(lib_a-mallocr.o)
                0x0000000020000b60                __malloc_current_mallinfo
 .bss.__malloc_max_sbrked_mem
                0x0000000020000b88        0x4 /usr/lib/gcc/arm-none-eabi/12.2.0/../../../../arm-none-eabi/lib/thumb/v7e-m/nofp/libg.a(lib_a-mallocr.o)
                0x0000000020000b88                __malloc_max_sbrked_mem
 .bss.__malloc_max_total_mem
                0x0000000020000b8c        0x4 /usr/lib/gcc/arm-none-eabi/12.2.0/../../../../arm-none-eabi/lib/thumb/v7e-m/nofp/libg.a(lib_a-mallocr.o)
                0x0000000020000b8c                __malloc_max_total_mem
 .bss.__malloc_top_pad
                0x0000000020000b90        0x4 /usr/lib/gcc/arm-none-eabi/12.2.0/../../../../arm-none-eabi/lib/thumb/v7e-m/nofp/libg.a(lib_a-mallocr.o)
                0x0000000020000b90                __malloc_top_pad
 .bss.errno     0x0000000020000b94        0x4 /usr/lib/gcc/arm-none-eabi/12.2.0/../../../../arm-none-eabi/lib/thumb/v7e-m/nofp/libg.a(lib_a-reent.o)
                0x0000000020000b94                errno
 *(COMMON)
                0x0000000020000b98                . = ALIGN (0x4)
                0x0000000020000b98                _ebss = .
                0x0000000020000b98                __bss_end__ = _ebss

._user_heap_stack
                0x0000000020000b98      0x600 load address 0x000000000800ae8c
                0x0000000020000b98                . = ALIGN (0x8)
                [!provide]                        PROVIDE (end = .)
                0x0000000020000b98                PROVIDE (_end = .)
                0x0000000020000d98                . = (. + _Min_Heap_Size)
 *fill*         0x0000000020000b98      0x200 
                0x0000000020001198                . = (. + _Min_Stack_Size)
 *fill*         0x0000000020000d98      0x400 
                0x0000000020001198                . = ALIGN (0x8)

/DISCARD/
 libc.a(*)
 libm.a(*)
 libgcc.a(*)

.ARM.attributes
                0x0000000000000000       0x2a
 *(.ARM.attributes)
 .ARM.attributes
                0x0000000000000000       0x1e /usr/lib/gcc/arm-none-eabi/12.2.0/thumb/v7e-m/nofp/crti.o
 .ARM.attributes
                0x000000000000001e       0x2e /usr/lib/gcc/arm-none-eabi/12.2.0/thumb/v7e-m/nofp/crtbegin.o
 .ARM.attributes
                0x000000000000004c       0x2e CMakeFiles/CAN_STM.elf.dir/Core/Src/main.c.obj
 .ARM.attributes
                0x000000000000007a       0x2e CMakeFiles/CAN_STM.elf.dir/Core/Src/stm32l4xx_hal_msp.c.obj
 .ARM.attributes
                0x00000000000000a8       0x2e CMakeFiles/CAN_STM.elf.dir/Core/Src/stm32l4xx_it.c.obj
 .ARM.attributes
                0x00000000000000d6       0x2e CMakeFiles/CAN_STM.elf.dir/Core/Src/syscalls.c.obj
 .ARM.attributes
                0x0000000000000104       0x2e CMakeFiles/CAN_STM.elf.dir/Core/Src/sysmem.c.obj
 .ARM.attributes
                0x0000000000000132       0x2e CMakeFiles/CAN_STM.elf.dir/Core/Src/system_stm32l4xx.c.obj
 .ARM.attributes
                0x0000000000000160       0x21 CMakeFiles/CAN_STM.elf.dir/Core/Startup/startup_stm32l432kcux.s.obj
 .ARM.attributes
                0x0000000000000181       0x2e CMakeFiles/CAN_STM.elf.dir/Drivers/STM32L4xx_HAL_Driver/Src/stm32l4xx_hal.c.obj
 .ARM.attributes
                0x00000000000001af       0x2e CMakeFiles/CAN_STM.elf.dir/Drivers/STM32L4xx_HAL_Driver/Src/stm32l4xx_hal_adc.c.obj
 .ARM.attributes
                0x00000000000001dd       0x2e CMakeFiles/CAN_STM.elf.dir/Drivers/STM32L4xx_HAL_Driver/Src/stm32l4xx_hal_can.c.obj
 .ARM.attributes
                0x000000000000020b       0x2e CMakeFiles/CAN_STM.elf.dir/Drivers/STM32L4xx_HAL_Driver/Src/stm32l4xx_hal_cortex.c.obj
 .ARM.attributes
                0x0000000000000239       0x2e CMakeFiles/CAN_STM.elf.dir/Drivers/STM32L4xx_HAL_Driver/Src/stm32l4xx_hal_gpio.c.obj
 .ARM.attributes
                0x0000000000000267       0x2e CMakeFiles/CAN_STM.elf.dir/Drivers/STM32L4xx_HAL_Driver/Src/stm32l4xx_hal_pwr_ex.c.obj
 .ARM.attributes
                0x0000000000000295       0x2e CMakeFiles/CAN_STM.elf.dir/Drivers/STM32L4xx_HAL_Driver/Src/stm32l4xx_hal_rcc.c.obj
 .ARM.attributes
                0x00000000000002c3       0x2e CMakeFiles/CAN_STM.elf.dir/Drivers/STM32L4xx_HAL_Driver/Src/stm32l4xx_hal_rcc_ex.c.obj
 .ARM.attributes
                0x00000000000002f1       0x2e CMakeFiles/CAN_STM.elf.dir/Drivers/STM32L4xx_HAL_Driver/Src/stm32l4xx_hal_tim.c.obj
 .ARM.attributes
                0x000000000000031f       0x2e CMakeFiles/CAN_STM.elf.dir/Drivers/STM32L4xx_HAL_Driver/Src/stm32l4xx_hal_tim_ex.c.obj
 .ARM.attributes
                0x000000000000034d       0x2e CMakeFiles/CAN_STM.elf.dir/Drivers/STM32L4xx_HAL_Driver/Src/stm32l4xx_hal_uart.c.obj
 .ARM.attributes
                0x000000000000037b       0x1e /usr/lib/gcc/arm-none-eabi/12.2.0/thumb/v7e-m/nofp/libgcc.a(_aeabi_uldivmod.o)
 .ARM.attributes
                0x0000000000000399       0x2e /usr/lib/gcc/arm-none-eabi/12.2.0/thumb/v7e-m/nofp/libgcc.a(_udivmoddi4.o)
 .ARM.attributes
                0x00000000000003c7       0x1e /usr/lib/gcc/arm-none-eabi/12.2.0/thumb/v7e-m/nofp/libgcc.a(_dvmd_tls.o)
 .ARM.attributes
                0x00000000000003e5       0x2e /usr/lib/gcc/arm-none-eabi/12.2.0/../../../../arm-none-eabi/lib/thumb/v7e-m/nofp/libg.a(lib_a-atexit.o)
 .ARM.attributes
                0x0000000000000413       0x2e /usr/lib/gcc/arm-none-eabi/12.2.0/../../../../arm-none-eabi/lib/thumb/v7e-m/nofp/libg.a(lib_a-errno.o)
 .ARM.attributes
                0x0000000000000441       0x2e /usr/lib/gcc/arm-none-eabi/12.2.0/../../../../arm-none-eabi/lib/thumb/v7e-m/nofp/libg.a(lib_a-fini.o)
 .ARM.attributes
                0x000000000000046f       0x2e /usr/lib/gcc/arm-none-eabi/12.2.0/../../../../arm-none-eabi/lib/thumb/v7e-m/nofp/libg.a(lib_a-impure.o)
 .ARM.attributes
                0x000000000000049d       0x2e /usr/lib/gcc/arm-none-eabi/12.2.0/../../../../arm-none-eabi/lib/thumb/v7e-m/nofp/libg.a(lib_a-init.o)
 .ARM.attributes
                0x00000000000004cb       0x2e /usr/lib/gcc/arm-none-eabi/12.2.0/../../../../arm-none-eabi/lib/thumb/v7e-m/nofp/libg.a(lib_a-memset.o)
 .ARM.attributes
                0x00000000000004f9       0x2e /usr/lib/gcc/arm-none-eabi/12.2.0/../../../../arm-none-eabi/lib/thumb/v7e-m/nofp/libg.a(lib_a-printf.o)
 .ARM.attributes
                0x0000000000000527       0x2e /usr/lib/gcc/arm-none-eabi/12.2.0/../../../../arm-none-eabi/lib/thumb/v7e-m/nofp/libg.a(lib_a-puts.o)
 .ARM.attributes
                0x0000000000000555       0x1c /usr/lib/gcc/arm-none-eabi/12.2.0/../../../../arm-none-eabi/lib/thumb/v7e-m/nofp/libg.a(lib_a-strlen.o)
 .ARM.attributes
                0x0000000000000571       0x2e /usr/lib/gcc/arm-none-eabi/12.2.0/../../../../arm-none-eabi/lib/thumb/v7e-m/nofp/libg.a(lib_a-vfprintf.o)
 .ARM.attributes
                0x000000000000059f       0x2e /usr/lib/gcc/arm-none-eabi/12.2.0/../../../../arm-none-eabi/lib/thumb/v7e-m/nofp/libg.a(lib_a-wsetup.o)
 .ARM.attributes
                0x00000000000005cd       0x2e /usr/lib/gcc/arm-none-eabi/12.2.0/../../../../arm-none-eabi/lib/thumb/v7e-m/nofp/libg.a(lib_a-__atexit.o)
 .ARM.attributes
                0x00000000000005fb       0x2e /usr/lib/gcc/arm-none-eabi/12.2.0/../../../../arm-none-eabi/lib/thumb/v7e-m/nofp/libg.a(lib_a-__call_atexit.o)
 .ARM.attributes
                0x0000000000000629       0x2e /usr/lib/gcc/arm-none-eabi/12.2.0/../../../../arm-none-eabi/lib/thumb/v7e-m/nofp/libg.a(lib_a-dtoa.o)
 .ARM.attributes
                0x0000000000000657       0x2e /usr/lib/gcc/arm-none-eabi/12.2.0/../../../../arm-none-eabi/lib/thumb/v7e-m/nofp/libg.a(lib_a-fflush.o)
 .ARM.attributes
                0x0000000000000685       0x2e /usr/lib/gcc/arm-none-eabi/12.2.0/../../../../arm-none-eabi/lib/thumb/v7e-m/nofp/libg.a(lib_a-findfp.o)
 .ARM.attributes
                0x00000000000006b3       0x2e /usr/lib/gcc/arm-none-eabi/12.2.0/../../../../arm-none-eabi/lib/thumb/v7e-m/nofp/libg.a(lib_a-freer.o)
 .ARM.attributes
                0x00000000000006e1       0x2e /usr/lib/gcc/arm-none-eabi/12.2.0/../../../../arm-none-eabi/lib/thumb/v7e-m/nofp/libg.a(lib_a-fvwrite.o)
 .ARM.attributes
                0x000000000000070f       0x2e /usr/lib/gcc/arm-none-eabi/12.2.0/../../../../arm-none-eabi/lib/thumb/v7e-m/nofp/libg.a(lib_a-fwalk.o)
 .ARM.attributes
                0x000000000000073d       0x2e /usr/lib/gcc/arm-none-eabi/12.2.0/../../../../arm-none-eabi/lib/thumb/v7e-m/nofp/libg.a(lib_a-localeconv.o)
 .ARM.attributes
                0x000000000000076b       0x2e /usr/lib/gcc/arm-none-eabi/12.2.0/../../../../arm-none-eabi/lib/thumb/v7e-m/nofp/libg.a(lib_a-locale.o)
 .ARM.attributes
                0x0000000000000799       0x2e /usr/lib/gcc/arm-none-eabi/12.2.0/../../../../arm-none-eabi/lib/thumb/v7e-m/nofp/libg.a(lib_a-lock.o)
 .ARM.attributes
                0x00000000000007c7       0x2e /usr/lib/gcc/arm-none-eabi/12.2.0/../../../../arm-none-eabi/lib/thumb/v7e-m/nofp/libg.a(lib_a-makebuf.o)
 .ARM.attributes
                0x00000000000007f5       0x2e /usr/lib/gcc/arm-none-eabi/12.2.0/../../../../arm-none-eabi/lib/thumb/v7e-m/nofp/libg.a(lib_a-mallocr.o)
 .ARM.attributes
                0x0000000000000823       0x2e /usr/lib/gcc/arm-none-eabi/12.2.0/../../../../arm-none-eabi/lib/thumb/v7e-m/nofp/libg.a(lib_a-mbtowc_r.o)
 .ARM.attributes
                0x0000000000000851       0x1c /usr/lib/gcc/arm-none-eabi/12.2.0/../../../../arm-none-eabi/lib/thumb/v7e-m/nofp/libg.a(lib_a-memchr.o)
 .ARM.attributes
                0x000000000000086d       0x1c /usr/lib/gcc/arm-none-eabi/12.2.0/../../../../arm-none-eabi/lib/thumb/v7e-m/nofp/libg.a(lib_a-memcpy.o)
 .ARM.attributes
                0x0000000000000889       0x2e /usr/lib/gcc/arm-none-eabi/12.2.0/../../../../arm-none-eabi/lib/thumb/v7e-m/nofp/libg.a(lib_a-memmove.o)
 .ARM.attributes
                0x00000000000008b7       0x2e /usr/lib/gcc/arm-none-eabi/12.2.0/../../../../arm-none-eabi/lib/thumb/v7e-m/nofp/libg.a(lib_a-mlock.o)
 .ARM.attributes
                0x00000000000008e5       0x2e /usr/lib/gcc/arm-none-eabi/12.2.0/../../../../arm-none-eabi/lib/thumb/v7e-m/nofp/libg.a(lib_a-mprec.o)
 .ARM.attributes
                0x0000000000000913       0x2e /usr/lib/gcc/arm-none-eabi/12.2.0/../../../../arm-none-eabi/lib/thumb/v7e-m/nofp/libg.a(lib_a-reallocr.o)
 .ARM.attributes
                0x0000000000000941       0x2e /usr/lib/gcc/arm-none-eabi/12.2.0/../../../../arm-none-eabi/lib/thumb/v7e-m/nofp/libg.a(lib_a-sbrkr.o)
 .ARM.attributes
                0x000000000000096f       0x2e /usr/lib/gcc/arm-none-eabi/12.2.0/../../../../arm-none-eabi/lib/thumb/v7e-m/nofp/libg.a(lib_a-s_frexp.o)
 .ARM.attributes
                0x000000000000099d       0x2e /usr/lib/gcc/arm-none-eabi/12.2.0/../../../../arm-none-eabi/lib/thumb/v7e-m/nofp/libg.a(lib_a-stdio.o)
 .ARM.attributes
                0x00000000000009cb       0x2e /usr/lib/gcc/arm-none-eabi/12.2.0/../../../../arm-none-eabi/lib/thumb/v7e-m/nofp/libg.a(lib_a-strncpy.o)
 .ARM.attributes
                0x00000000000009f9       0x2e /usr/lib/gcc/arm-none-eabi/12.2.0/../../../../arm-none-eabi/lib/thumb/v7e-m/nofp/libg.a(lib_a-vfiprintf.o)
 .ARM.attributes
                0x0000000000000a27       0x2e /usr/lib/gcc/arm-none-eabi/12.2.0/../../../../arm-none-eabi/lib/thumb/v7e-m/nofp/libg.a(lib_a-wctomb_r.o)
 .ARM.attributes
                0x0000000000000a55       0x2e /usr/lib/gcc/arm-none-eabi/12.2.0/../../../../arm-none-eabi/lib/thumb/v7e-m/nofp/libg.a(lib_a-writer.o)
 .ARM.attributes
                0x0000000000000a83       0x2e /usr/lib/gcc/arm-none-eabi/12.2.0/../../../../arm-none-eabi/lib/thumb/v7e-m/nofp/libg.a(lib_a-assert.o)
 .ARM.attributes
                0x0000000000000ab1       0x2e /usr/lib/gcc/arm-none-eabi/12.2.0/../../../../arm-none-eabi/lib/thumb/v7e-m/nofp/libg.a(lib_a-callocr.o)
 .ARM.attributes
                0x0000000000000adf       0x2e /usr/lib/gcc/arm-none-eabi/12.2.0/../../../../arm-none-eabi/lib/thumb/v7e-m/nofp/libg.a(lib_a-closer.o)
 .ARM.attributes
                0x0000000000000b0d       0x2e /usr/lib/gcc/arm-none-eabi/12.2.0/../../../../arm-none-eabi/lib/thumb/v7e-m/nofp/libg.a(lib_a-ctype_.o)
 .ARM.attributes
                0x0000000000000b3b       0x2e /usr/lib/gcc/arm-none-eabi/12.2.0/../../../../arm-none-eabi/lib/thumb/v7e-m/nofp/libg.a(lib_a-fclose.o)
 .ARM.attributes
                0x0000000000000b69       0x2e /usr/lib/gcc/arm-none-eabi/12.2.0/../../../../arm-none-eabi/lib/thumb/v7e-m/nofp/libg.a(lib_a-fiprintf.o)
 .ARM.attributes
                0x0000000000000b97       0x2e /usr/lib/gcc/arm-none-eabi/12.2.0/../../../../arm-none-eabi/lib/thumb/v7e-m/nofp/libg.a(lib_a-fputwc.o)
 .ARM.attributes
                0x0000000000000bc5       0x2e /usr/lib/gcc/arm-none-eabi/12.2.0/../../../../arm-none-eabi/lib/thumb/v7e-m/nofp/libg.a(lib_a-fstatr.o)
 .ARM.attributes
                0x0000000000000bf3       0x2e /usr/lib/gcc/arm-none-eabi/12.2.0/../../../../arm-none-eabi/lib/thumb/v7e-m/nofp/libg.a(lib_a-isattyr.o)
 .ARM.attributes
                0x0000000000000c21       0x2e /usr/lib/gcc/arm-none-eabi/12.2.0/../../../../arm-none-eabi/lib/thumb/v7e-m/nofp/libg.a(lib_a-lseekr.o)
 .ARM.attributes
                0x0000000000000c4f       0x2e /usr/lib/gcc/arm-none-eabi/12.2.0/../../../../arm-none-eabi/lib/thumb/v7e-m/nofp/libg.a(lib_a-readr.o)
 .ARM.attributes
                0x0000000000000c7d       0x2e /usr/lib/gcc/arm-none-eabi/12.2.0/../../../../arm-none-eabi/lib/thumb/v7e-m/nofp/libg.a(lib_a-reent.o)
 .ARM.attributes
                0x0000000000000cab       0x2e /usr/lib/gcc/arm-none-eabi/12.2.0/../../../../arm-none-eabi/lib/thumb/v7e-m/nofp/libg.a(lib_a-wbuf.o)
 .ARM.attributes
                0x0000000000000cd9       0x2e /usr/lib/gcc/arm-none-eabi/12.2.0/../../../../arm-none-eabi/lib/thumb/v7e-m/nofp/libg.a(lib_a-wcrtomb.o)
 .ARM.attributes
                0x0000000000000d07       0x2e /usr/lib/gcc/arm-none-eabi/12.2.0/../../../../arm-none-eabi/lib/thumb/v7e-m/nofp/libg.a(lib_a-abort.o)
 .ARM.attributes
                0x0000000000000d35       0x2e /usr/lib/gcc/arm-none-eabi/12.2.0/../../../../arm-none-eabi/lib/thumb/v7e-m/nofp/libg.a(lib_a-signal.o)
 .ARM.attributes
                0x0000000000000d63       0x2e /usr/lib/gcc/arm-none-eabi/12.2.0/../../../../arm-none-eabi/lib/thumb/v7e-m/nofp/libg.a(lib_a-signalr.o)
 .ARM.attributes
                0x0000000000000d91       0x1e /usr/lib/gcc/arm-none-eabi/12.2.0/thumb/v7e-m/nofp/libgcc.a(_arm_addsubdf3.o)
 .ARM.attributes
                0x0000000000000daf       0x1e /usr/lib/gcc/arm-none-eabi/12.2.0/thumb/v7e-m/nofp/libgcc.a(_arm_muldivdf3.o)
 .ARM.attributes
                0x0000000000000dcd       0x1e /usr/lib/gcc/arm-none-eabi/12.2.0/thumb/v7e-m/nofp/libgcc.a(_arm_cmpdf2.o)
 .ARM.attributes
                0x0000000000000deb       0x1e /usr/lib/gcc/arm-none-eabi/12.2.0/thumb/v7e-m/nofp/libgcc.a(_arm_unorddf2.o)
 .ARM.attributes
                0x0000000000000e09       0x1e /usr/lib/gcc/arm-none-eabi/12.2.0/thumb/v7e-m/nofp/libgcc.a(_arm_fixdfsi.o)
 .ARM.attributes
                0x0000000000000e27       0x1e /usr/lib/gcc/arm-none-eabi/12.2.0/thumb/v7e-m/nofp/crtn.o
OUTPUT(CAN_STM.elf elf32-littlearm)
LOAD linker stubs
LOAD /usr/lib/gcc/arm-none-eabi/12.2.0/../../../../arm-none-eabi/lib/thumb/v7e-m/nofp/libc.a
LOAD /usr/lib/gcc/arm-none-eabi/12.2.0/../../../../arm-none-eabi/lib/thumb/v7e-m/nofp/libm.a
LOAD /usr/lib/gcc/arm-none-eabi/12.2.0/thumb/v7e-m/nofp/libgcc.a

.debug_info     0x0000000000000000    0x3c447
 .debug_info    0x0000000000000000     0x2566 CMakeFiles/CAN_STM.elf.dir/Core/Src/main.c.obj
 .debug_info    0x0000000000002566     0x1d16 CMakeFiles/CAN_STM.elf.dir/Core/Src/stm32l4xx_hal_msp.c.obj
 .debug_info    0x000000000000427c      0xc84 CMakeFiles/CAN_STM.elf.dir/Core/Src/stm32l4xx_it.c.obj
 .debug_info    0x0000000000004f00      0x783 CMakeFiles/CAN_STM.elf.dir/Core/Src/syscalls.c.obj
 .debug_info    0x0000000000005683      0x171 CMakeFiles/CAN_STM.elf.dir/Core/Src/sysmem.c.obj
 .debug_info    0x00000000000057f4      0x3d4 CMakeFiles/CAN_STM.elf.dir/Core/Src/system_stm32l4xx.c.obj
 .debug_info    0x0000000000005bc8       0x2e CMakeFiles/CAN_STM.elf.dir/Core/Startup/startup_stm32l432kcux.s.obj
 .debug_info    0x0000000000005bf6      0xa43 CMakeFiles/CAN_STM.elf.dir/Drivers/STM32L4xx_HAL_Driver/Src/stm32l4xx_hal.c.obj
 .debug_info    0x0000000000006639     0x2f74 CMakeFiles/CAN_STM.elf.dir/Drivers/STM32L4xx_HAL_Driver/Src/stm32l4xx_hal_adc.c.obj
 .debug_info    0x00000000000095ad     0x1210 CMakeFiles/CAN_STM.elf.dir/Drivers/STM32L4xx_HAL_Driver/Src/stm32l4xx_hal_can.c.obj
 .debug_info    0x000000000000a7bd      0xeff CMakeFiles/CAN_STM.elf.dir/Drivers/STM32L4xx_HAL_Driver/Src/stm32l4xx_hal_cortex.c.obj
 .debug_info    0x000000000000b6bc      0x789 CMakeFiles/CAN_STM.elf.dir/Drivers/STM32L4xx_HAL_Driver/Src/stm32l4xx_hal_gpio.c.obj
 .debug_info    0x000000000000be45      0x9c5 CMakeFiles/CAN_STM.elf.dir/Drivers/STM32L4xx_HAL_Driver/Src/stm32l4xx_hal_pwr_ex.c.obj
 .debug_info    0x000000000000c80a      0xe58 CMakeFiles/CAN_STM.elf.dir/Drivers/STM32L4xx_HAL_Driver/Src/stm32l4xx_hal_rcc.c.obj
 .debug_info    0x000000000000d662     0x119d CMakeFiles/CAN_STM.elf.dir/Drivers/STM32L4xx_HAL_Driver/Src/stm32l4xx_hal_rcc_ex.c.obj
 .debug_info    0x000000000000e7ff     0x3c88 CMakeFiles/CAN_STM.elf.dir/Drivers/STM32L4xx_HAL_Driver/Src/stm32l4xx_hal_tim.c.obj
 .debug_info    0x0000000000012487     0x1ccc CMakeFiles/CAN_STM.elf.dir/Drivers/STM32L4xx_HAL_Driver/Src/stm32l4xx_hal_tim_ex.c.obj
 .debug_info    0x0000000000014153     0x4fd6 CMakeFiles/CAN_STM.elf.dir/Drivers/STM32L4xx_HAL_Driver/Src/stm32l4xx_hal_uart.c.obj
 .debug_info    0x0000000000019129       0x24 /usr/lib/gcc/arm-none-eabi/12.2.0/thumb/v7e-m/nofp/libgcc.a(_aeabi_uldivmod.o)
 .debug_info    0x000000000001914d      0x6fd /usr/lib/gcc/arm-none-eabi/12.2.0/thumb/v7e-m/nofp/libgcc.a(_udivmoddi4.o)
 .debug_info    0x000000000001984a       0x39 /usr/lib/gcc/arm-none-eabi/12.2.0/thumb/v7e-m/nofp/libgcc.a(_dvmd_tls.o)
 .debug_info    0x0000000000019883      0x118 /usr/lib/gcc/arm-none-eabi/12.2.0/../../../../arm-none-eabi/lib/thumb/v7e-m/nofp/libg.a(lib_a-atexit.o)
 .debug_info    0x000000000001999b      0x8b3 /usr/lib/gcc/arm-none-eabi/12.2.0/../../../../arm-none-eabi/lib/thumb/v7e-m/nofp/libg.a(lib_a-errno.o)
 .debug_info    0x000000000001a24e       0xf7 /usr/lib/gcc/arm-none-eabi/12.2.0/../../../../arm-none-eabi/lib/thumb/v7e-m/nofp/libg.a(lib_a-fini.o)
 .debug_info    0x000000000001a345      0x8c8 /usr/lib/gcc/arm-none-eabi/12.2.0/../../../../arm-none-eabi/lib/thumb/v7e-m/nofp/libg.a(lib_a-impure.o)
 .debug_info    0x000000000001ac0d      0x10b /usr/lib/gcc/arm-none-eabi/12.2.0/../../../../arm-none-eabi/lib/thumb/v7e-m/nofp/libg.a(lib_a-init.o)
 .debug_info    0x000000000001ad18      0x135 /usr/lib/gcc/arm-none-eabi/12.2.0/../../../../arm-none-eabi/lib/thumb/v7e-m/nofp/libg.a(lib_a-memset.o)
 .debug_info    0x000000000001ae4d      0x9f3 /usr/lib/gcc/arm-none-eabi/12.2.0/../../../../arm-none-eabi/lib/thumb/v7e-m/nofp/libg.a(lib_a-printf.o)
 .debug_info    0x000000000001b840      0xadc /usr/lib/gcc/arm-none-eabi/12.2.0/../../../../arm-none-eabi/lib/thumb/v7e-m/nofp/libg.a(lib_a-puts.o)
 .debug_info    0x000000000001c31c       0x25 /usr/lib/gcc/arm-none-eabi/12.2.0/../../../../arm-none-eabi/lib/thumb/v7e-m/nofp/libg.a(lib_a-strlen.o)
 .debug_info    0x000000000001c341     0x1e3b /usr/lib/gcc/arm-none-eabi/12.2.0/../../../../arm-none-eabi/lib/thumb/v7e-m/nofp/libg.a(lib_a-vfprintf.o)
 .debug_info    0x000000000001e17c      0x973 /usr/lib/gcc/arm-none-eabi/12.2.0/../../../../arm-none-eabi/lib/thumb/v7e-m/nofp/libg.a(lib_a-wsetup.o)
 .debug_info    0x000000000001eaef      0x999 /usr/lib/gcc/arm-none-eabi/12.2.0/../../../../arm-none-eabi/lib/thumb/v7e-m/nofp/libg.a(lib_a-__atexit.o)
 .debug_info    0x000000000001f488      0xa21 /usr/lib/gcc/arm-none-eabi/12.2.0/../../../../arm-none-eabi/lib/thumb/v7e-m/nofp/libg.a(lib_a-__call_atexit.o)
 .debug_info    0x000000000001fea9     0x1a85 /usr/lib/gcc/arm-none-eabi/12.2.0/../../../../arm-none-eabi/lib/thumb/v7e-m/nofp/libg.a(lib_a-dtoa.o)
 .debug_info    0x000000000002192e      0xc0a /usr/lib/gcc/arm-none-eabi/12.2.0/../../../../arm-none-eabi/lib/thumb/v7e-m/nofp/libg.a(lib_a-fflush.o)
 .debug_info    0x0000000000022538     0x12b7 /usr/lib/gcc/arm-none-eabi/12.2.0/../../../../arm-none-eabi/lib/thumb/v7e-m/nofp/libg.a(lib_a-findfp.o)
 .debug_info    0x00000000000237ef      0xcdf /usr/lib/gcc/arm-none-eabi/12.2.0/../../../../arm-none-eabi/lib/thumb/v7e-m/nofp/libg.a(lib_a-freer.o)
 .debug_info    0x00000000000244ce      0xcb0 /usr/lib/gcc/arm-none-eabi/12.2.0/../../../../arm-none-eabi/lib/thumb/v7e-m/nofp/libg.a(lib_a-fvwrite.o)
 .debug_info    0x000000000002517e      0x9f1 /usr/lib/gcc/arm-none-eabi/12.2.0/../../../../arm-none-eabi/lib/thumb/v7e-m/nofp/libg.a(lib_a-fwalk.o)
 .debug_info    0x0000000000025b6f      0xbdb /usr/lib/gcc/arm-none-eabi/12.2.0/../../../../arm-none-eabi/lib/thumb/v7e-m/nofp/libg.a(lib_a-localeconv.o)
 .debug_info    0x000000000002674a      0xdfc /usr/lib/gcc/arm-none-eabi/12.2.0/../../../../arm-none-eabi/lib/thumb/v7e-m/nofp/libg.a(lib_a-locale.o)
 .debug_info    0x0000000000027546      0x21a /usr/lib/gcc/arm-none-eabi/12.2.0/../../../../arm-none-eabi/lib/thumb/v7e-m/nofp/libg.a(lib_a-lock.o)
 .debug_info    0x0000000000027760      0xdc2 /usr/lib/gcc/arm-none-eabi/12.2.0/../../../../arm-none-eabi/lib/thumb/v7e-m/nofp/libg.a(lib_a-makebuf.o)
 .debug_info    0x0000000000028522      0xe77 /usr/lib/gcc/arm-none-eabi/12.2.0/../../../../arm-none-eabi/lib/thumb/v7e-m/nofp/libg.a(lib_a-mallocr.o)
 .debug_info    0x0000000000029399      0xc65 /usr/lib/gcc/arm-none-eabi/12.2.0/../../../../arm-none-eabi/lib/thumb/v7e-m/nofp/libg.a(lib_a-mbtowc_r.o)
 .debug_info    0x0000000000029ffe       0x25 /usr/lib/gcc/arm-none-eabi/12.2.0/../../../../arm-none-eabi/lib/thumb/v7e-m/nofp/libg.a(lib_a-memchr.o)
 .debug_info    0x000000000002a023       0x25 /usr/lib/gcc/arm-none-eabi/12.2.0/../../../../arm-none-eabi/lib/thumb/v7e-m/nofp/libg.a(lib_a-memcpy.o)
 .debug_info    0x000000000002a048      0x148 /usr/lib/gcc/arm-none-eabi/12.2.0/../../../../arm-none-eabi/lib/thumb/v7e-m/nofp/libg.a(lib_a-memmove.o)
 .debug_info    0x000000000002a190      0x923 /usr/lib/gcc/arm-none-eabi/12.2.0/../../../../arm-none-eabi/lib/thumb/v7e-m/nofp/libg.a(lib_a-mlock.o)
 .debug_info    0x000000000002aab3     0x1fe0 /usr/lib/gcc/arm-none-eabi/12.2.0/../../../../arm-none-eabi/lib/thumb/v7e-m/nofp/libg.a(lib_a-mprec.o)
 .debug_info    0x000000000002ca93      0xd93 /usr/lib/gcc/arm-none-eabi/12.2.0/../../../../arm-none-eabi/lib/thumb/v7e-m/nofp/libg.a(lib_a-reallocr.o)
 .debug_info    0x000000000002d826      0x934 /usr/lib/gcc/arm-none-eabi/12.2.0/../../../../arm-none-eabi/lib/thumb/v7e-m/nofp/libg.a(lib_a-sbrkr.o)
 .debug_info    0x000000000002e15a      0x1e0 /usr/lib/gcc/arm-none-eabi/12.2.0/../../../../arm-none-eabi/lib/thumb/v7e-m/nofp/libg.a(lib_a-s_frexp.o)
 .debug_info    0x000000000002e33a      0xc06 /usr/lib/gcc/arm-none-eabi/12.2.0/../../../../arm-none-eabi/lib/thumb/v7e-m/nofp/libg.a(lib_a-stdio.o)
 .debug_info    0x000000000002ef40      0x14a /usr/lib/gcc/arm-none-eabi/12.2.0/../../../../arm-none-eabi/lib/thumb/v7e-m/nofp/libg.a(lib_a-strncpy.o)
 .debug_info    0x000000000002f08a     0x1a81 /usr/lib/gcc/arm-none-eabi/12.2.0/../../../../arm-none-eabi/lib/thumb/v7e-m/nofp/libg.a(lib_a-vfiprintf.o)
 .debug_info    0x0000000000030b0b      0xc21 /usr/lib/gcc/arm-none-eabi/12.2.0/../../../../arm-none-eabi/lib/thumb/v7e-m/nofp/libg.a(lib_a-wctomb_r.o)
 .debug_info    0x000000000003172c      0x96b /usr/lib/gcc/arm-none-eabi/12.2.0/../../../../arm-none-eabi/lib/thumb/v7e-m/nofp/libg.a(lib_a-writer.o)
 .debug_info    0x0000000000032097      0x9d5 /usr/lib/gcc/arm-none-eabi/12.2.0/../../../../arm-none-eabi/lib/thumb/v7e-m/nofp/libg.a(lib_a-assert.o)
 .debug_info    0x0000000000032a6c      0xa76 /usr/lib/gcc/arm-none-eabi/12.2.0/../../../../arm-none-eabi/lib/thumb/v7e-m/nofp/libg.a(lib_a-callocr.o)
 .debug_info    0x00000000000334e2      0x90f /usr/lib/gcc/arm-none-eabi/12.2.0/../../../../arm-none-eabi/lib/thumb/v7e-m/nofp/libg.a(lib_a-closer.o)
 .debug_info    0x0000000000033df1       0xb9 /usr/lib/gcc/arm-none-eabi/12.2.0/../../../../arm-none-eabi/lib/thumb/v7e-m/nofp/libg.a(lib_a-ctype_.o)
 .debug_info    0x0000000000033eaa      0xa83 /usr/lib/gcc/arm-none-eabi/12.2.0/../../../../arm-none-eabi/lib/thumb/v7e-m/nofp/libg.a(lib_a-fclose.o)
 .debug_info    0x000000000003492d      0xa04 /usr/lib/gcc/arm-none-eabi/12.2.0/../../../../arm-none-eabi/lib/thumb/v7e-m/nofp/libg.a(lib_a-fiprintf.o)
 .debug_info    0x0000000000035331      0xc34 /usr/lib/gcc/arm-none-eabi/12.2.0/../../../../arm-none-eabi/lib/thumb/v7e-m/nofp/libg.a(lib_a-fputwc.o)
 .debug_info    0x0000000000035f65      0xb2d /usr/lib/gcc/arm-none-eabi/12.2.0/../../../../arm-none-eabi/lib/thumb/v7e-m/nofp/libg.a(lib_a-fstatr.o)
 .debug_info    0x0000000000036a92      0x90f /usr/lib/gcc/arm-none-eabi/12.2.0/../../../../arm-none-eabi/lib/thumb/v7e-m/nofp/libg.a(lib_a-isattyr.o)